Archive member included to satisfy reference by file (symbol)

d:/intelfpga_lite/18.1/nios2eds/bin/gnu/h-x86_64-mingw32/bin/../lib/gcc/nios2-elf/5.3.0/../../../../../H-x86_64-mingw32/nios2-elf/lib/mno-hw-mul\libsmallc.a(lib_a-printf.o)
                              obj/default/hello_world_small.o (printf)
d:/intelfpga_lite/18.1/nios2eds/bin/gnu/h-x86_64-mingw32/bin/../lib/gcc/nios2-elf/5.3.0/../../../../../H-x86_64-mingw32/nios2-elf/lib/mno-hw-mul\libsmallc.a(lib_a-putchar.o)
                              obj/default/hello_world_small.o (putchar)
d:/intelfpga_lite/18.1/nios2eds/bin/gnu/h-x86_64-mingw32/bin/../lib/gcc/nios2-elf/5.3.0/../../../../../H-x86_64-mingw32/nios2-elf/lib/mno-hw-mul\libsmallc.a(lib_a-puts.o)
                              obj/default/hello_world_small.o (puts)
d:/intelfpga_lite/18.1/nios2eds/bin/gnu/h-x86_64-mingw32/bin/../lib/gcc/nios2-elf/5.3.0/../../../../../H-x86_64-mingw32/nios2-elf/lib/mno-hw-mul\libsmallc.a(lib_a-strlen.o)
                              d:/intelfpga_lite/18.1/nios2eds/bin/gnu/h-x86_64-mingw32/bin/../lib/gcc/nios2-elf/5.3.0/../../../../../H-x86_64-mingw32/nios2-elf/lib/mno-hw-mul\libsmallc.a(lib_a-puts.o) (strlen)
d:/intelfpga_lite/18.1/nios2eds/bin/gnu/h-x86_64-mingw32/bin/../lib/gcc/nios2-elf/5.3.0/../../../../../H-x86_64-mingw32/nios2-elf/lib/mno-hw-mul\libsmallc.a(lib_a-vfprintf.o)
                              d:/intelfpga_lite/18.1/nios2eds/bin/gnu/h-x86_64-mingw32/bin/../lib/gcc/nios2-elf/5.3.0/../../../../../H-x86_64-mingw32/nios2-elf/lib/mno-hw-mul\libsmallc.a(lib_a-printf.o) (___vfprintf_internal_r)
d:/intelfpga_lite/18.1/nios2eds/bin/gnu/h-x86_64-mingw32/bin/../lib/gcc/nios2-elf/5.3.0/../../../../../H-x86_64-mingw32/nios2-elf/lib/mno-hw-mul\libsmallc.a(lib_a-fvwrite_small_dev.o)
                              d:/intelfpga_lite/18.1/nios2eds/bin/gnu/h-x86_64-mingw32/bin/../lib/gcc/nios2-elf/5.3.0/../../../../../H-x86_64-mingw32/nios2-elf/lib/mno-hw-mul\libsmallc.a(lib_a-printf.o) (__sfvwrite_small_dev)
d:/intelfpga_lite/18.1/nios2eds/bin/gnu/h-x86_64-mingw32/bin/../lib/gcc/nios2-elf/5.3.0/../../../../../H-x86_64-mingw32/nios2-elf/lib/mno-hw-mul\libsmallc.a(lib_a-impure.o)
                              d:/intelfpga_lite/18.1/nios2eds/bin/gnu/h-x86_64-mingw32/bin/../lib/gcc/nios2-elf/5.3.0/../../../../../H-x86_64-mingw32/nios2-elf/lib/mno-hw-mul\libsmallc.a(lib_a-printf.o) (_impure_ptr)
d:/intelfpga_lite/18.1/nios2eds/bin/gnu/h-x86_64-mingw32/bin/../lib/gcc/nios2-elf/5.3.0/../../../../../H-x86_64-mingw32/nios2-elf/lib/mno-hw-mul\libsmallc.a(lib_a-putc.o)
                              d:/intelfpga_lite/18.1/nios2eds/bin/gnu/h-x86_64-mingw32/bin/../lib/gcc/nios2-elf/5.3.0/../../../../../H-x86_64-mingw32/nios2-elf/lib/mno-hw-mul\libsmallc.a(lib_a-putchar.o) (_putc_r)
d:/intelfpga_lite/18.1/nios2eds/bin/gnu/h-x86_64-mingw32/bin/../lib/gcc/nios2-elf/5.3.0/../../../../../H-x86_64-mingw32/nios2-elf/lib/mno-hw-mul\libsmallc.a(lib_a-writer.o)
                              d:/intelfpga_lite/18.1/nios2eds/bin/gnu/h-x86_64-mingw32/bin/../lib/gcc/nios2-elf/5.3.0/../../../../../H-x86_64-mingw32/nios2-elf/lib/mno-hw-mul\libsmallc.a(lib_a-fvwrite_small_dev.o) (_write_r)
d:/intelfpga_lite/18.1/nios2eds/bin/gnu/h-x86_64-mingw32/bin/../lib/gcc/nios2-elf/5.3.0/../../../../../H-x86_64-mingw32/nios2-elf/lib/mno-hw-mul\libsmallc.a(lib_a-int_errno.o)
                              d:/intelfpga_lite/18.1/nios2eds/bin/gnu/h-x86_64-mingw32/bin/../lib/gcc/nios2-elf/5.3.0/../../../../../H-x86_64-mingw32/nios2-elf/lib/mno-hw-mul\libsmallc.a(lib_a-writer.o) (errno)
d:/intelfpga_lite/18.1/nios2eds/bin/gnu/h-x86_64-mingw32/bin/../lib/gcc/nios2-elf/5.3.0/mno-hw-mul\libgcc.a(lib2-divmod.o)
                              d:/intelfpga_lite/18.1/nios2eds/bin/gnu/h-x86_64-mingw32/bin/../lib/gcc/nios2-elf/5.3.0/../../../../../H-x86_64-mingw32/nios2-elf/lib/mno-hw-mul\libsmallc.a(lib_a-vfprintf.o) (__udivsi3)
d:/intelfpga_lite/18.1/nios2eds/bin/gnu/h-x86_64-mingw32/bin/../lib/gcc/nios2-elf/5.3.0/mno-hw-mul\libgcc.a(lib2-mul.o)
                              d:/intelfpga_lite/18.1/nios2eds/bin/gnu/h-x86_64-mingw32/bin/../lib/gcc/nios2-elf/5.3.0/../../../../../H-x86_64-mingw32/nios2-elf/lib/mno-hw-mul\libsmallc.a(lib_a-vfprintf.o) (__mulsi3)
../HW_FIR_6_bsp/\libhal_bsp.a(alt_irq_register.o)
                              obj/default/hello_world_small.o (alt_irq_register)
../HW_FIR_6_bsp/\libhal_bsp.a(alt_irq_vars.o)
                              ../HW_FIR_6_bsp/\libhal_bsp.a(alt_irq_register.o) (alt_irq_active)
../HW_FIR_6_bsp/\libhal_bsp.a(alt_load.o)
                              ../HW_FIR_6_bsp//obj/HAL/src/crt0.o (alt_load)
../HW_FIR_6_bsp/\libhal_bsp.a(alt_main.o)
                              ../HW_FIR_6_bsp//obj/HAL/src/crt0.o (alt_main)
../HW_FIR_6_bsp/\libhal_bsp.a(alt_times.o)
                              obj/default/hello_world_small.o (times)
../HW_FIR_6_bsp/\libhal_bsp.a(alt_write.o)
                              d:/intelfpga_lite/18.1/nios2eds/bin/gnu/h-x86_64-mingw32/bin/../lib/gcc/nios2-elf/5.3.0/../../../../../H-x86_64-mingw32/nios2-elf/lib/mno-hw-mul\libsmallc.a(lib_a-writer.o) (write)
../HW_FIR_6_bsp/\libhal_bsp.a(alt_sys_init.o)
                              ../HW_FIR_6_bsp/\libhal_bsp.a(alt_main.o) (alt_irq_init)
../HW_FIR_6_bsp/\libhal_bsp.a(altera_avalon_jtag_uart_write.o)
                              ../HW_FIR_6_bsp/\libhal_bsp.a(alt_write.o) (altera_avalon_jtag_uart_write)
../HW_FIR_6_bsp/\libhal_bsp.a(altera_avalon_timer_sc.o)
                              ../HW_FIR_6_bsp/\libhal_bsp.a(alt_sys_init.o) (alt_avalon_timer_sc_init)
../HW_FIR_6_bsp/\libhal_bsp.a(altera_up_avalon_accelerometer_spi.o)
                              obj/default/hello_world_small.o (alt_up_accelerometer_spi_open_dev)
../HW_FIR_6_bsp/\libhal_bsp.a(alt_dcache_flush_all.o)
                              ../HW_FIR_6_bsp/\libhal_bsp.a(alt_load.o) (alt_dcache_flush_all)
../HW_FIR_6_bsp/\libhal_bsp.a(alt_dev.o)
                              ../HW_FIR_6_bsp/\libhal_bsp.a(alt_sys_init.o) (alt_dev_list)
../HW_FIR_6_bsp/\libhal_bsp.a(alt_dev_llist_insert.o)
                              ../HW_FIR_6_bsp/\libhal_bsp.a(alt_sys_init.o) (alt_dev_llist_insert)
../HW_FIR_6_bsp/\libhal_bsp.a(alt_errno.o)
                              ../HW_FIR_6_bsp/\libhal_bsp.a(alt_times.o) (alt_errno)
../HW_FIR_6_bsp/\libhal_bsp.a(alt_find_dev.o)
                              ../HW_FIR_6_bsp/\libhal_bsp.a(altera_up_avalon_accelerometer_spi.o) (alt_find_dev)
../HW_FIR_6_bsp/\libhal_bsp.a(alt_icache_flush_all.o)
                              ../HW_FIR_6_bsp/\libhal_bsp.a(alt_load.o) (alt_icache_flush_all)
../HW_FIR_6_bsp/\libhal_bsp.a(alt_irq_entry.o)
                              ../HW_FIR_6_bsp/\libhal_bsp.a(alt_irq_register.o) (alt_irq_entry)
../HW_FIR_6_bsp/\libhal_bsp.a(alt_irq_handler.o)
                              ../HW_FIR_6_bsp/\libhal_bsp.a(alt_irq_register.o) (alt_irq_handler)
../HW_FIR_6_bsp/\libhal_bsp.a(alt_tick.o)
                              ../HW_FIR_6_bsp/\libhal_bsp.a(altera_avalon_timer_sc.o) (alt_tick)
../HW_FIR_6_bsp/\libhal_bsp.a(altera_nios2_gen2_irq.o)
                              ../HW_FIR_6_bsp/\libhal_bsp.a(alt_sys_init.o) (altera_nios2_gen2_irq_init)
../HW_FIR_6_bsp/\libhal_bsp.a(alt_exception_entry.o)
                              ../HW_FIR_6_bsp/\libhal_bsp.a(alt_irq_entry.o) (alt_exception)
../HW_FIR_6_bsp/\libhal_bsp.a(alt_instruction_exception_entry.o)
                              ../HW_FIR_6_bsp/\libhal_bsp.a(alt_exception_entry.o) (alt_instruction_exception_entry)
d:/intelfpga_lite/18.1/nios2eds/bin/gnu/h-x86_64-mingw32/bin/../lib/gcc/nios2-elf/5.3.0/../../../../../H-x86_64-mingw32/nios2-elf/lib/mno-hw-mul\libsmallc.a(lib_a-memcmp.o)
                              ../HW_FIR_6_bsp/\libhal_bsp.a(alt_find_dev.o) (memcmp)

Allocating common symbols
Common symbol       size              file

alt_irq             0x100             ../HW_FIR_6_bsp/\libhal_bsp.a(alt_irq_handler.o)
errno               0x4               d:/intelfpga_lite/18.1/nios2eds/bin/gnu/h-x86_64-mingw32/bin/../lib/gcc/nios2-elf/5.3.0/../../../../../H-x86_64-mingw32/nios2-elf/lib/mno-hw-mul\libsmallc.a(lib_a-int_errno.o)
exec_t1             0x4               obj/default/hello_world_small.o
ind                 0x4               obj/default/hello_world_small.o
led                 0x1               obj/default/hello_world_small.o
level               0x4               obj/default/hello_world_small.o
mem                 0xc4              obj/default/hello_world_small.o
exec_t2             0x4               obj/default/hello_world_small.o

Memory Configuration

Name             Origin             Length             Attributes
reset            0x0000000000010000 0x0000000000000020
onchip_memory    0x0000000000010020 0x000000000000ffe0
*default*        0x0000000000000000 0xffffffffffffffff

Linker script and memory map

LOAD ../HW_FIR_6_bsp//obj/HAL/src/crt0.o
LOAD obj/default/hello_world_small.o
LOAD d:/intelfpga_lite/18.1/nios2eds/bin/gnu/h-x86_64-mingw32/bin/../lib/gcc/nios2-elf/5.3.0/../../../../../H-x86_64-mingw32/nios2-elf/lib/mno-hw-mul\libstdc++.a
LOAD d:/intelfpga_lite/18.1/nios2eds/bin/gnu/h-x86_64-mingw32/bin/../lib/gcc/nios2-elf/5.3.0/../../../../../H-x86_64-mingw32/nios2-elf/lib/mno-hw-mul\libm.a
LOAD d:/intelfpga_lite/18.1/nios2eds/bin/gnu/h-x86_64-mingw32/bin/../lib/gcc/nios2-elf/5.3.0/mno-hw-mul\libgcc.a
START GROUP
LOAD d:/intelfpga_lite/18.1/nios2eds/bin/gnu/h-x86_64-mingw32/bin/../lib/gcc/nios2-elf/5.3.0/../../../../../H-x86_64-mingw32/nios2-elf/lib/mno-hw-mul\libsmallc.a
LOAD d:/intelfpga_lite/18.1/nios2eds/bin/gnu/h-x86_64-mingw32/bin/../lib/gcc/nios2-elf/5.3.0/mno-hw-mul\libgcc.a
LOAD ../HW_FIR_6_bsp/\libhal_bsp.a
LOAD d:/intelfpga_lite/18.1/nios2eds/bin/gnu/h-x86_64-mingw32/bin/../lib/gcc/nios2-elf/5.3.0/../../../../../H-x86_64-mingw32/nios2-elf/lib/mno-hw-mul\libm.a
END GROUP
LOAD d:/intelfpga_lite/18.1/nios2eds/bin/gnu/h-x86_64-mingw32/bin/../lib/gcc/nios2-elf/5.3.0/mno-hw-mul\libgcc.a
                0x0000000000010000                __alt_mem_onchip_memory = 0x10000

.entry          0x0000000000010000       0x20
 *(.entry)
 .entry         0x0000000000010000       0x20 ../HW_FIR_6_bsp//obj/HAL/src/crt0.o
                0x0000000000010000                __reset
                0x000000000001000c                _exit

.exceptions     0x0000000000010020      0x160
                0x0000000000010020                PROVIDE (__ram_exceptions_start, ABSOLUTE (.))
                0x0000000000010020                . = ALIGN (0x20)
 *(.irq)
 *(.exceptions.entry.label)
 .exceptions.entry.label
                0x0000000000010020        0x0 ../HW_FIR_6_bsp/\libhal_bsp.a(alt_irq_entry.o)
                0x0000000000010020                alt_irq_entry
 .exceptions.entry.label
                0x0000000000010020        0x0 ../HW_FIR_6_bsp/\libhal_bsp.a(alt_exception_entry.o)
                0x0000000000010020                alt_exception
 *(.exceptions.entry.user)
 *(.exceptions.entry.ecc_fatal)
 *(.exceptions.entry)
 .exceptions.entry
                0x0000000000010020       0x54 ../HW_FIR_6_bsp/\libhal_bsp.a(alt_exception_entry.o)
 *(.exceptions.irqtest.user)
 *(.exceptions.irqtest)
 .exceptions.irqtest
                0x0000000000010074       0x10 ../HW_FIR_6_bsp/\libhal_bsp.a(alt_irq_entry.o)
 *(.exceptions.irqhandler.user)
 *(.exceptions.irqhandler)
 .exceptions.irqhandler
                0x0000000000010084        0x4 ../HW_FIR_6_bsp/\libhal_bsp.a(alt_irq_entry.o)
 *(.exceptions.irqreturn.user)
 *(.exceptions.irqreturn)
 .exceptions.irqreturn
                0x0000000000010088        0x4 ../HW_FIR_6_bsp/\libhal_bsp.a(alt_irq_entry.o)
 *(.exceptions.notirq.label)
 .exceptions.notirq.label
                0x000000000001008c        0x0 ../HW_FIR_6_bsp/\libhal_bsp.a(alt_irq_entry.o)
 *(.exceptions.notirq.user)
 *(.exceptions.notirq)
 .exceptions.notirq
                0x000000000001008c        0x8 ../HW_FIR_6_bsp/\libhal_bsp.a(alt_exception_entry.o)
 *(.exceptions.soft.user)
 *(.exceptions.soft)
 *(.exceptions.unknown.user)
 *(.exceptions.unknown)
 .exceptions.unknown
                0x0000000000010094       0x14 ../HW_FIR_6_bsp/\libhal_bsp.a(alt_exception_entry.o)
 *(.exceptions.exit.label)
 .exceptions.exit.label
                0x00000000000100a8        0x0 ../HW_FIR_6_bsp/\libhal_bsp.a(alt_irq_entry.o)
 .exceptions.exit.label
                0x00000000000100a8        0x0 ../HW_FIR_6_bsp/\libhal_bsp.a(alt_exception_entry.o)
 *(.exceptions.exit.user)
 *(.exceptions.exit)
 .exceptions.exit
                0x00000000000100a8       0x54 ../HW_FIR_6_bsp/\libhal_bsp.a(alt_exception_entry.o)
 *(.exceptions)
 .exceptions    0x00000000000100fc       0x60 ../HW_FIR_6_bsp/\libhal_bsp.a(alt_irq_handler.o)
                0x00000000000100fc                alt_irq_handler
 .exceptions    0x000000000001015c       0x24 ../HW_FIR_6_bsp/\libhal_bsp.a(alt_instruction_exception_entry.o)
                0x000000000001015c                alt_instruction_exception_entry
                0x0000000000010180                PROVIDE (__ram_exceptions_end, ABSOLUTE (.))
                0x0000000000010020                PROVIDE (__flash_exceptions_start, LOADADDR (.exceptions))

.text           0x0000000000010180     0x149c
                [!provide]                        PROVIDE (stext, ABSOLUTE (.))
 *(.interp)
 *(.hash)
 *(.dynsym)
 *(.dynstr)
 *(.gnu.version)
 *(.gnu.version_d)
 *(.gnu.version_r)
 *(.rel.init)
 *(.rela.init)
 *(.rel.text .rel.text.* .rel.gnu.linkonce.t.*)
 *(.rela.text .rela.text.* .rela.gnu.linkonce.t.*)
 *(.rel.fini)
 *(.rela.fini)
 *(.rel.rodata .rel.rodata.* .rel.gnu.linkonce.r.*)
 *(.rela.rodata .rela.rodata.* .rela.gnu.linkonce.r.*)
 *(.rel.data .rel.data.* .rel.gnu.linkonce.d.*)
 *(.rela.data .rela.data.* .rela.gnu.linkonce.d.*)
 *(.rel.tdata .rel.tdata.* .rel.gnu.linkonce.td.*)
 *(.rela.tdata .rela.tdata.* .rela.gnu.linkonce.td.*)
 *(.rel.tbss .rel.tbss.* .rel.gnu.linkonce.tb.*)
 *(.rela.tbss .rela.tbss.* .rela.gnu.linkonce.tb.*)
 *(.rel.ctors)
 *(.rela.ctors)
 *(.rel.dtors)
 *(.rela.dtors)
 *(.rel.got)
 *(.rela.got)
 *(.rel.sdata .rel.sdata.* .rel.gnu.linkonce.s.*)
 *(.rela.sdata .rela.sdata.* .rela.gnu.linkonce.s.*)
 *(.rel.sbss .rel.sbss.* .rel.gnu.linkonce.sb.*)
 *(.rela.sbss .rela.sbss.* .rela.gnu.linkonce.sb.*)
 *(.rel.sdata2 .rel.sdata2.* .rel.gnu.linkonce.s2.*)
 *(.rela.sdata2 .rela.sdata2.* .rela.gnu.linkonce.s2.*)
 *(.rel.sbss2 .rel.sbss2.* .rel.gnu.linkonce.sb2.*)
 *(.rela.sbss2 .rela.sbss2.* .rela.gnu.linkonce.sb2.*)
 *(.rel.bss .rel.bss.* .rel.gnu.linkonce.b.*)
 *(.rela.bss .rela.bss.* .rela.gnu.linkonce.b.*)
 *(.rel.plt)
 *(.rela.plt)
 *(.rel.dyn)
 *(.init)
 *(.plt)
 *(.text .stub .text.* .gnu.linkonce.t.*)
 .text          0x0000000000010180       0x3c ../HW_FIR_6_bsp//obj/HAL/src/crt0.o
                0x0000000000010180                _start
 .text          0x00000000000101bc      0x170 obj/default/hello_world_small.o
                0x00000000000101bc                sys_timer_isr
                0x000000000001023c                led_write
                0x0000000000010250                convert_read
                0x0000000000010280                convert_data_HW
                0x00000000000102bc                timer_init
 .text.startup  0x000000000001032c      0x110 obj/default/hello_world_small.o
                0x000000000001032c                main
 .text          0x000000000001043c        0x0 d:/intelfpga_lite/18.1/nios2eds/bin/gnu/h-x86_64-mingw32/bin/../lib/gcc/nios2-elf/5.3.0/../../../../../H-x86_64-mingw32/nios2-elf/lib/mno-hw-mul\libsmallc.a(lib_a-printf.o)
 .text._printf_r
                0x000000000001043c       0x3c d:/intelfpga_lite/18.1/nios2eds/bin/gnu/h-x86_64-mingw32/bin/../lib/gcc/nios2-elf/5.3.0/../../../../../H-x86_64-mingw32/nios2-elf/lib/mno-hw-mul\libsmallc.a(lib_a-printf.o)
                0x000000000001043c                _printf_r
 .text.printf   0x0000000000010478       0x4c d:/intelfpga_lite/18.1/nios2eds/bin/gnu/h-x86_64-mingw32/bin/../lib/gcc/nios2-elf/5.3.0/../../../../../H-x86_64-mingw32/nios2-elf/lib/mno-hw-mul\libsmallc.a(lib_a-printf.o)
                0x0000000000010478                printf
 .text          0x00000000000104c4        0x0 d:/intelfpga_lite/18.1/nios2eds/bin/gnu/h-x86_64-mingw32/bin/../lib/gcc/nios2-elf/5.3.0/../../../../../H-x86_64-mingw32/nios2-elf/lib/mno-hw-mul\libsmallc.a(lib_a-putchar.o)
 .text._putchar_r
                0x00000000000104c4        0x8 d:/intelfpga_lite/18.1/nios2eds/bin/gnu/h-x86_64-mingw32/bin/../lib/gcc/nios2-elf/5.3.0/../../../../../H-x86_64-mingw32/nios2-elf/lib/mno-hw-mul\libsmallc.a(lib_a-putchar.o)
                0x00000000000104c4                _putchar_r
 .text.putchar  0x00000000000104cc       0x1c d:/intelfpga_lite/18.1/nios2eds/bin/gnu/h-x86_64-mingw32/bin/../lib/gcc/nios2-elf/5.3.0/../../../../../H-x86_64-mingw32/nios2-elf/lib/mno-hw-mul\libsmallc.a(lib_a-putchar.o)
                0x00000000000104cc                putchar
 .text          0x00000000000104e8        0x0 d:/intelfpga_lite/18.1/nios2eds/bin/gnu/h-x86_64-mingw32/bin/../lib/gcc/nios2-elf/5.3.0/../../../../../H-x86_64-mingw32/nios2-elf/lib/mno-hw-mul\libsmallc.a(lib_a-puts.o)
 .text._puts_r  0x00000000000104e8       0x80 d:/intelfpga_lite/18.1/nios2eds/bin/gnu/h-x86_64-mingw32/bin/../lib/gcc/nios2-elf/5.3.0/../../../../../H-x86_64-mingw32/nios2-elf/lib/mno-hw-mul\libsmallc.a(lib_a-puts.o)
                0x00000000000104e8                _puts_r
 .text.puts     0x0000000000010568       0x14 d:/intelfpga_lite/18.1/nios2eds/bin/gnu/h-x86_64-mingw32/bin/../lib/gcc/nios2-elf/5.3.0/../../../../../H-x86_64-mingw32/nios2-elf/lib/mno-hw-mul\libsmallc.a(lib_a-puts.o)
                0x0000000000010568                puts
 .text          0x000000000001057c        0x0 d:/intelfpga_lite/18.1/nios2eds/bin/gnu/h-x86_64-mingw32/bin/../lib/gcc/nios2-elf/5.3.0/../../../../../H-x86_64-mingw32/nios2-elf/lib/mno-hw-mul\libsmallc.a(lib_a-strlen.o)
 .text.strlen   0x000000000001057c       0x1c d:/intelfpga_lite/18.1/nios2eds/bin/gnu/h-x86_64-mingw32/bin/../lib/gcc/nios2-elf/5.3.0/../../../../../H-x86_64-mingw32/nios2-elf/lib/mno-hw-mul\libsmallc.a(lib_a-strlen.o)
                0x000000000001057c                strlen
 .text          0x0000000000010598        0x0 d:/intelfpga_lite/18.1/nios2eds/bin/gnu/h-x86_64-mingw32/bin/../lib/gcc/nios2-elf/5.3.0/../../../../../H-x86_64-mingw32/nios2-elf/lib/mno-hw-mul\libsmallc.a(lib_a-vfprintf.o)
 .text.print_repeat
                0x0000000000010598       0x6c d:/intelfpga_lite/18.1/nios2eds/bin/gnu/h-x86_64-mingw32/bin/../lib/gcc/nios2-elf/5.3.0/../../../../../H-x86_64-mingw32/nios2-elf/lib/mno-hw-mul\libsmallc.a(lib_a-vfprintf.o)
 .text.___vfprintf_internal_r
                0x0000000000010604      0x52c d:/intelfpga_lite/18.1/nios2eds/bin/gnu/h-x86_64-mingw32/bin/../lib/gcc/nios2-elf/5.3.0/../../../../../H-x86_64-mingw32/nios2-elf/lib/mno-hw-mul\libsmallc.a(lib_a-vfprintf.o)
                0x0000000000010604                ___vfprintf_internal_r
 .text.__vfprintf_internal
                0x0000000000010b30       0x1c d:/intelfpga_lite/18.1/nios2eds/bin/gnu/h-x86_64-mingw32/bin/../lib/gcc/nios2-elf/5.3.0/../../../../../H-x86_64-mingw32/nios2-elf/lib/mno-hw-mul\libsmallc.a(lib_a-vfprintf.o)
                0x0000000000010b30                __vfprintf_internal
 .text          0x0000000000010b4c        0x0 d:/intelfpga_lite/18.1/nios2eds/bin/gnu/h-x86_64-mingw32/bin/../lib/gcc/nios2-elf/5.3.0/../../../../../H-x86_64-mingw32/nios2-elf/lib/mno-hw-mul\libsmallc.a(lib_a-fvwrite_small_dev.o)
 .text.__sfvwrite_small_dev
                0x0000000000010b4c       0xb8 d:/intelfpga_lite/18.1/nios2eds/bin/gnu/h-x86_64-mingw32/bin/../lib/gcc/nios2-elf/5.3.0/../../../../../H-x86_64-mingw32/nios2-elf/lib/mno-hw-mul\libsmallc.a(lib_a-fvwrite_small_dev.o)
                0x0000000000010b4c                __sfvwrite_small_dev
 .text          0x0000000000010c04        0x0 d:/intelfpga_lite/18.1/nios2eds/bin/gnu/h-x86_64-mingw32/bin/../lib/gcc/nios2-elf/5.3.0/../../../../../H-x86_64-mingw32/nios2-elf/lib/mno-hw-mul\libsmallc.a(lib_a-impure.o)
 .text          0x0000000000010c04        0x0 d:/intelfpga_lite/18.1/nios2eds/bin/gnu/h-x86_64-mingw32/bin/../lib/gcc/nios2-elf/5.3.0/../../../../../H-x86_64-mingw32/nios2-elf/lib/mno-hw-mul\libsmallc.a(lib_a-putc.o)
 .text.putc     0x0000000000010c04       0x54 d:/intelfpga_lite/18.1/nios2eds/bin/gnu/h-x86_64-mingw32/bin/../lib/gcc/nios2-elf/5.3.0/../../../../../H-x86_64-mingw32/nios2-elf/lib/mno-hw-mul\libsmallc.a(lib_a-putc.o)
                0x0000000000010c04                putc
 .text._putc_r  0x0000000000010c58       0x58 d:/intelfpga_lite/18.1/nios2eds/bin/gnu/h-x86_64-mingw32/bin/../lib/gcc/nios2-elf/5.3.0/../../../../../H-x86_64-mingw32/nios2-elf/lib/mno-hw-mul\libsmallc.a(lib_a-putc.o)
                0x0000000000010c58                _putc_r
 .text          0x0000000000010cb0        0x0 d:/intelfpga_lite/18.1/nios2eds/bin/gnu/h-x86_64-mingw32/bin/../lib/gcc/nios2-elf/5.3.0/../../../../../H-x86_64-mingw32/nios2-elf/lib/mno-hw-mul\libsmallc.a(lib_a-writer.o)
 .text._write_r
                0x0000000000010cb0       0x58 d:/intelfpga_lite/18.1/nios2eds/bin/gnu/h-x86_64-mingw32/bin/../lib/gcc/nios2-elf/5.3.0/../../../../../H-x86_64-mingw32/nios2-elf/lib/mno-hw-mul\libsmallc.a(lib_a-writer.o)
                0x0000000000010cb0                _write_r
 .text          0x0000000000010d08        0x0 d:/intelfpga_lite/18.1/nios2eds/bin/gnu/h-x86_64-mingw32/bin/../lib/gcc/nios2-elf/5.3.0/../../../../../H-x86_64-mingw32/nios2-elf/lib/mno-hw-mul\libsmallc.a(lib_a-int_errno.o)
 .text          0x0000000000010d08      0x1b4 d:/intelfpga_lite/18.1/nios2eds/bin/gnu/h-x86_64-mingw32/bin/../lib/gcc/nios2-elf/5.3.0/mno-hw-mul\libgcc.a(lib2-divmod.o)
                0x0000000000010d08                __divsi3
                0x0000000000010d8c                __modsi3
                0x0000000000010e00                __udivsi3
                0x0000000000010e64                __umodsi3
 .text          0x0000000000010ebc       0x28 d:/intelfpga_lite/18.1/nios2eds/bin/gnu/h-x86_64-mingw32/bin/../lib/gcc/nios2-elf/5.3.0/mno-hw-mul\libgcc.a(lib2-mul.o)
                0x0000000000010ebc                __mulsi3
 .text          0x0000000000010ee4       0x94 ../HW_FIR_6_bsp/\libhal_bsp.a(alt_irq_register.o)
                0x0000000000010ee4                alt_irq_register
 .text          0x0000000000010f78        0x0 ../HW_FIR_6_bsp/\libhal_bsp.a(alt_irq_vars.o)
 .text          0x0000000000010f78       0xe0 ../HW_FIR_6_bsp/\libhal_bsp.a(alt_load.o)
                0x0000000000010f78                alt_load
 .text          0x0000000000011058       0x2c ../HW_FIR_6_bsp/\libhal_bsp.a(alt_main.o)
                0x0000000000011058                alt_main
 .text          0x0000000000011084       0x60 ../HW_FIR_6_bsp/\libhal_bsp.a(alt_times.o)
                0x0000000000011084                times
 .text          0x00000000000110e4       0x60 ../HW_FIR_6_bsp/\libhal_bsp.a(alt_write.o)
                0x00000000000110e4                write
 .text          0x0000000000011144       0x58 ../HW_FIR_6_bsp/\libhal_bsp.a(alt_sys_init.o)
                0x0000000000011144                alt_irq_init
                0x0000000000011164                alt_sys_init
 .text          0x000000000001119c       0x34 ../HW_FIR_6_bsp/\libhal_bsp.a(altera_avalon_jtag_uart_write.o)
                0x000000000001119c                altera_avalon_jtag_uart_write
 .text          0x00000000000111d0       0x64 ../HW_FIR_6_bsp/\libhal_bsp.a(altera_avalon_timer_sc.o)
                0x000000000001120c                alt_avalon_timer_sc_init
 .text          0x0000000000011234      0x160 ../HW_FIR_6_bsp/\libhal_bsp.a(altera_up_avalon_accelerometer_spi.o)
                0x0000000000011234                alt_up_accelerometer_spi_open_dev
                0x000000000001123c                alt_up_accelerometer_spi_read_address_register
                0x0000000000011250                alt_up_accelerometer_spi_read
                0x0000000000011270                alt_up_accelerometer_spi_write
                0x000000000001128c                alt_up_accelerometer_spi_read_x_axis
                0x00000000000112e4                alt_up_accelerometer_spi_read_y_axis
                0x000000000001133c                alt_up_accelerometer_spi_read_z_axis
 .text          0x0000000000011394        0x4 ../HW_FIR_6_bsp/\libhal_bsp.a(alt_dcache_flush_all.o)
                0x0000000000011394                alt_dcache_flush_all
 .text          0x0000000000011398        0x8 ../HW_FIR_6_bsp/\libhal_bsp.a(alt_dev.o)
 .text          0x00000000000113a0       0x6c ../HW_FIR_6_bsp/\libhal_bsp.a(alt_dev_llist_insert.o)
                0x00000000000113a0                alt_dev_llist_insert
 .text          0x000000000001140c        0x0 ../HW_FIR_6_bsp/\libhal_bsp.a(alt_errno.o)
 .text          0x000000000001140c       0x74 ../HW_FIR_6_bsp/\libhal_bsp.a(alt_find_dev.o)
                0x000000000001140c                alt_find_dev
 .text          0x0000000000011480        0x4 ../HW_FIR_6_bsp/\libhal_bsp.a(alt_icache_flush_all.o)
                0x0000000000011480                alt_icache_flush_all
 .text          0x0000000000011484        0x0 ../HW_FIR_6_bsp/\libhal_bsp.a(alt_irq_entry.o)
 .text          0x0000000000011484        0x0 ../HW_FIR_6_bsp/\libhal_bsp.a(alt_irq_handler.o)
 .text          0x0000000000011484       0xec ../HW_FIR_6_bsp/\libhal_bsp.a(alt_tick.o)
                0x0000000000011484                alt_alarm_stop
                0x00000000000114b8                alt_tick
 .text          0x0000000000011570        0x8 ../HW_FIR_6_bsp/\libhal_bsp.a(altera_nios2_gen2_irq.o)
                0x0000000000011570                altera_nios2_gen2_irq_init
 .text          0x0000000000011578        0x0 ../HW_FIR_6_bsp/\libhal_bsp.a(alt_exception_entry.o)
 .text          0x0000000000011578       0x74 ../HW_FIR_6_bsp/\libhal_bsp.a(alt_instruction_exception_entry.o)
                0x0000000000011578                alt_exception_cause_generated_bad_addr
 .text          0x00000000000115ec        0x0 d:/intelfpga_lite/18.1/nios2eds/bin/gnu/h-x86_64-mingw32/bin/../lib/gcc/nios2-elf/5.3.0/../../../../../H-x86_64-mingw32/nios2-elf/lib/mno-hw-mul\libsmallc.a(lib_a-memcmp.o)
 .text.memcmp   0x00000000000115ec       0x30 d:/intelfpga_lite/18.1/nios2eds/bin/gnu/h-x86_64-mingw32/bin/../lib/gcc/nios2-elf/5.3.0/../../../../../H-x86_64-mingw32/nios2-elf/lib/mno-hw-mul\libsmallc.a(lib_a-memcmp.o)
                0x00000000000115ec                memcmp
 *(.gnu.warning.*)
 *(.fini)
                [!provide]                        PROVIDE (__etext, ABSOLUTE (.))
                [!provide]                        PROVIDE (_etext, ABSOLUTE (.))
                [!provide]                        PROVIDE (etext, ABSOLUTE (.))
 *(.eh_frame_hdr)
                0x000000000001161c                . = ALIGN (0x4)
                [!provide]                        PROVIDE (__preinit_array_start, ABSOLUTE (.))
 *(.preinit_array)
                [!provide]                        PROVIDE (__preinit_array_end, ABSOLUTE (.))
                [!provide]                        PROVIDE (__init_array_start, ABSOLUTE (.))
 *(.init_array)
                [!provide]                        PROVIDE (__init_array_end, ABSOLUTE (.))
                [!provide]                        PROVIDE (__fini_array_start, ABSOLUTE (.))
 *(.fini_array)
                [!provide]                        PROVIDE (__fini_array_end, ABSOLUTE (.))
 *(.eh_frame)
 *(.gcc_except_table .gcc_except_table.*)
 *(.dynamic)
                [!provide]                        PROVIDE (__CTOR_LIST__, ABSOLUTE (.))
 *(.ctors)
 *(SORT(.ctors.*))
                [!provide]                        PROVIDE (__CTOR_END__, ABSOLUTE (.))
                [!provide]                        PROVIDE (__DTOR_LIST__, ABSOLUTE (.))
 *(.dtors)
 *(SORT(.dtors.*))
                [!provide]                        PROVIDE (__DTOR_END__, ABSOLUTE (.))
 *(.jcr)
                0x000000000001161c                . = ALIGN (0x4)

.rodata         0x000000000001161c       0x3c
                0x000000000001161c                PROVIDE (__ram_rodata_start, ABSOLUTE (.))
                0x000000000001161c                . = ALIGN (0x4)
 *(.rodata .rodata.* .gnu.linkonce.r.*)
 .rodata.str1.4
                0x000000000001161c       0x29 obj/default/hello_world_small.o
 *fill*         0x0000000000011645        0x3 
 .rodata.str1.4
                0x0000000000011648        0x2 d:/intelfpga_lite/18.1/nios2eds/bin/gnu/h-x86_64-mingw32/bin/../lib/gcc/nios2-elf/5.3.0/../../../../../H-x86_64-mingw32/nios2-elf/lib/mno-hw-mul\libsmallc.a(lib_a-puts.o)
 .rodata.str1.4
                0x000000000001164a       0x17 ../HW_FIR_6_bsp/\libhal_bsp.a(alt_sys_init.o)
 *fill*         0x000000000001164a        0x2 
 .rodata.str1.4
                0x000000000001164c        0xc ../HW_FIR_6_bsp/\libhal_bsp.a(alt_dev.o)
                                          0xa (size before relaxing)
 *(.rodata1)
                0x0000000000011658                . = ALIGN (0x4)
                0x0000000000011658                PROVIDE (__ram_rodata_end, ABSOLUTE (.))
                0x000000000001161c                PROVIDE (__flash_rodata_start, LOADADDR (.rodata))

.rwdata         0x0000000000011658      0x194 load address 0x00000000000117ec
                0x0000000000011658                PROVIDE (__ram_rwdata_start, ABSOLUTE (.))
                0x0000000000011658                . = ALIGN (0x4)
 *(.got.plt)
 *(.got)
 *(.data1)
 *(.data .data.* .gnu.linkonce.d.*)
 .data          0x0000000000011658        0x0 ../HW_FIR_6_bsp//obj/HAL/src/crt0.o
 .data          0x0000000000011658        0x0 obj/default/hello_world_small.o
 .data          0x0000000000011658        0x0 d:/intelfpga_lite/18.1/nios2eds/bin/gnu/h-x86_64-mingw32/bin/../lib/gcc/nios2-elf/5.3.0/../../../../../H-x86_64-mingw32/nios2-elf/lib/mno-hw-mul\libsmallc.a(lib_a-printf.o)
 .data          0x0000000000011658        0x0 d:/intelfpga_lite/18.1/nios2eds/bin/gnu/h-x86_64-mingw32/bin/../lib/gcc/nios2-elf/5.3.0/../../../../../H-x86_64-mingw32/nios2-elf/lib/mno-hw-mul\libsmallc.a(lib_a-putchar.o)
 .data          0x0000000000011658        0x0 d:/intelfpga_lite/18.1/nios2eds/bin/gnu/h-x86_64-mingw32/bin/../lib/gcc/nios2-elf/5.3.0/../../../../../H-x86_64-mingw32/nios2-elf/lib/mno-hw-mul\libsmallc.a(lib_a-puts.o)
 .data          0x0000000000011658        0x0 d:/intelfpga_lite/18.1/nios2eds/bin/gnu/h-x86_64-mingw32/bin/../lib/gcc/nios2-elf/5.3.0/../../../../../H-x86_64-mingw32/nios2-elf/lib/mno-hw-mul\libsmallc.a(lib_a-strlen.o)
 .data          0x0000000000011658        0x0 d:/intelfpga_lite/18.1/nios2eds/bin/gnu/h-x86_64-mingw32/bin/../lib/gcc/nios2-elf/5.3.0/../../../../../H-x86_64-mingw32/nios2-elf/lib/mno-hw-mul\libsmallc.a(lib_a-vfprintf.o)
 .data          0x0000000000011658        0x0 d:/intelfpga_lite/18.1/nios2eds/bin/gnu/h-x86_64-mingw32/bin/../lib/gcc/nios2-elf/5.3.0/../../../../../H-x86_64-mingw32/nios2-elf/lib/mno-hw-mul\libsmallc.a(lib_a-fvwrite_small_dev.o)
 .data          0x0000000000011658        0x0 d:/intelfpga_lite/18.1/nios2eds/bin/gnu/h-x86_64-mingw32/bin/../lib/gcc/nios2-elf/5.3.0/../../../../../H-x86_64-mingw32/nios2-elf/lib/mno-hw-mul\libsmallc.a(lib_a-impure.o)
 .data.impure_data
                0x0000000000011658       0xe0 d:/intelfpga_lite/18.1/nios2eds/bin/gnu/h-x86_64-mingw32/bin/../lib/gcc/nios2-elf/5.3.0/../../../../../H-x86_64-mingw32/nios2-elf/lib/mno-hw-mul\libsmallc.a(lib_a-impure.o)
 .data          0x0000000000011738        0x0 d:/intelfpga_lite/18.1/nios2eds/bin/gnu/h-x86_64-mingw32/bin/../lib/gcc/nios2-elf/5.3.0/../../../../../H-x86_64-mingw32/nios2-elf/lib/mno-hw-mul\libsmallc.a(lib_a-putc.o)
 .data          0x0000000000011738        0x0 d:/intelfpga_lite/18.1/nios2eds/bin/gnu/h-x86_64-mingw32/bin/../lib/gcc/nios2-elf/5.3.0/../../../../../H-x86_64-mingw32/nios2-elf/lib/mno-hw-mul\libsmallc.a(lib_a-writer.o)
 .data          0x0000000000011738        0x0 d:/intelfpga_lite/18.1/nios2eds/bin/gnu/h-x86_64-mingw32/bin/../lib/gcc/nios2-elf/5.3.0/../../../../../H-x86_64-mingw32/nios2-elf/lib/mno-hw-mul\libsmallc.a(lib_a-int_errno.o)
 .data          0x0000000000011738        0x0 d:/intelfpga_lite/18.1/nios2eds/bin/gnu/h-x86_64-mingw32/bin/../lib/gcc/nios2-elf/5.3.0/mno-hw-mul\libgcc.a(lib2-divmod.o)
 .data          0x0000000000011738        0x0 d:/intelfpga_lite/18.1/nios2eds/bin/gnu/h-x86_64-mingw32/bin/../lib/gcc/nios2-elf/5.3.0/mno-hw-mul\libgcc.a(lib2-mul.o)
 .data          0x0000000000011738        0x0 ../HW_FIR_6_bsp/\libhal_bsp.a(alt_irq_register.o)
 .data          0x0000000000011738        0x0 ../HW_FIR_6_bsp/\libhal_bsp.a(alt_irq_vars.o)
 .data          0x0000000000011738        0x0 ../HW_FIR_6_bsp/\libhal_bsp.a(alt_load.o)
 .data          0x0000000000011738        0x0 ../HW_FIR_6_bsp/\libhal_bsp.a(alt_main.o)
 .data          0x0000000000011738        0x0 ../HW_FIR_6_bsp/\libhal_bsp.a(alt_times.o)
 .data          0x0000000000011738        0x0 ../HW_FIR_6_bsp/\libhal_bsp.a(alt_write.o)
 .data          0x0000000000011738       0x2c ../HW_FIR_6_bsp/\libhal_bsp.a(alt_sys_init.o)
 .data          0x0000000000011764        0x0 ../HW_FIR_6_bsp/\libhal_bsp.a(altera_avalon_jtag_uart_write.o)
 .data          0x0000000000011764        0x0 ../HW_FIR_6_bsp/\libhal_bsp.a(altera_avalon_timer_sc.o)
 .data          0x0000000000011764        0x0 ../HW_FIR_6_bsp/\libhal_bsp.a(altera_up_avalon_accelerometer_spi.o)
 .data          0x0000000000011764        0x0 ../HW_FIR_6_bsp/\libhal_bsp.a(alt_dcache_flush_all.o)
 .data          0x0000000000011764       0x58 ../HW_FIR_6_bsp/\libhal_bsp.a(alt_dev.o)
                0x0000000000011764                alt_fd_list
                0x0000000000011794                alt_dev_null
 .data          0x00000000000117bc        0x0 ../HW_FIR_6_bsp/\libhal_bsp.a(alt_dev_llist_insert.o)
 .data          0x00000000000117bc        0x0 ../HW_FIR_6_bsp/\libhal_bsp.a(alt_errno.o)
 .data          0x00000000000117bc        0x0 ../HW_FIR_6_bsp/\libhal_bsp.a(alt_find_dev.o)
 .data          0x00000000000117bc        0x0 ../HW_FIR_6_bsp/\libhal_bsp.a(alt_icache_flush_all.o)
 .data          0x00000000000117bc        0x0 ../HW_FIR_6_bsp/\libhal_bsp.a(alt_irq_entry.o)
 .data          0x00000000000117bc        0x0 ../HW_FIR_6_bsp/\libhal_bsp.a(alt_irq_handler.o)
 .data          0x00000000000117bc        0x0 ../HW_FIR_6_bsp/\libhal_bsp.a(alt_tick.o)
 .data          0x00000000000117bc        0x0 ../HW_FIR_6_bsp/\libhal_bsp.a(altera_nios2_gen2_irq.o)
 .data          0x00000000000117bc        0x0 ../HW_FIR_6_bsp/\libhal_bsp.a(alt_exception_entry.o)
 .data          0x00000000000117bc        0x0 ../HW_FIR_6_bsp/\libhal_bsp.a(alt_instruction_exception_entry.o)
 .data          0x00000000000117bc        0x0 d:/intelfpga_lite/18.1/nios2eds/bin/gnu/h-x86_64-mingw32/bin/../lib/gcc/nios2-elf/5.3.0/../../../../../H-x86_64-mingw32/nios2-elf/lib/mno-hw-mul\libsmallc.a(lib_a-memcmp.o)
                0x00000000000197bc                _gp = ABSOLUTE ((. + 0x8000))
                [!provide]                        PROVIDE (gp, _gp)
 *(.rwdata .rwdata.*)
 *(.sdata .sdata.* .gnu.linkonce.s.*)
 .sdata._global_impure_ptr
                0x00000000000117bc        0x4 d:/intelfpga_lite/18.1/nios2eds/bin/gnu/h-x86_64-mingw32/bin/../lib/gcc/nios2-elf/5.3.0/../../../../../H-x86_64-mingw32/nios2-elf/lib/mno-hw-mul\libsmallc.a(lib_a-impure.o)
                0x00000000000117bc                _global_impure_ptr
 .sdata._impure_ptr
                0x00000000000117c0        0x4 d:/intelfpga_lite/18.1/nios2eds/bin/gnu/h-x86_64-mingw32/bin/../lib/gcc/nios2-elf/5.3.0/../../../../../H-x86_64-mingw32/nios2-elf/lib/mno-hw-mul\libsmallc.a(lib_a-impure.o)
                0x00000000000117c0                _impure_ptr
 .sdata         0x00000000000117c4        0x4 ../HW_FIR_6_bsp/\libhal_bsp.a(alt_irq_vars.o)
                0x00000000000117c4                alt_priority_mask
 .sdata         0x00000000000117c8        0x4 ../HW_FIR_6_bsp/\libhal_bsp.a(alt_sys_init.o)
                0x00000000000117c8                jtag_uart
 .sdata         0x00000000000117cc       0x14 ../HW_FIR_6_bsp/\libhal_bsp.a(alt_dev.o)
                0x00000000000117cc                alt_max_fd
                0x00000000000117d0                alt_dev_list
                0x00000000000117d8                alt_fs_list
 .sdata         0x00000000000117e0        0x4 ../HW_FIR_6_bsp/\libhal_bsp.a(alt_errno.o)
                0x00000000000117e0                alt_errno
 .sdata         0x00000000000117e4        0x8 ../HW_FIR_6_bsp/\libhal_bsp.a(alt_tick.o)
                0x00000000000117e4                alt_alarm_list
 *(.sdata2 .sdata2.* .gnu.linkonce.s2.*)
                0x00000000000117ec                . = ALIGN (0x4)
                0x00000000000117ec                _edata = ABSOLUTE (.)
                [!provide]                        PROVIDE (edata, ABSOLUTE (.))
                0x00000000000117ec                PROVIDE (__ram_rwdata_end, ABSOLUTE (.))
                0x00000000000117ec                PROVIDE (__flash_rwdata_start, LOADADDR (.rwdata))

.bss            0x0000000000011980      0x1fc
                0x0000000000011980                __bss_start = ABSOLUTE (.)
                [!provide]                        PROVIDE (__sbss_start, ABSOLUTE (.))
                [!provide]                        PROVIDE (___sbss_start, ABSOLUTE (.))
 *(.dynsbss)
 *(.sbss .sbss.* .gnu.linkonce.sb.*)
 .sbss          0x0000000000011980        0x1 obj/default/hello_world_small.o
                0x0000000000011980                pwm
 *fill*         0x0000000000011981        0x3 
 .sbss          0x0000000000011984       0x14 obj/default/hello_world_small.o
                0x0000000000011984                exec_t1
                0x0000000000011988                ind
                0x000000000001198c                led
                0x0000000000011990                level
                0x0000000000011994                exec_t2
 .sbss          0x0000000000011998        0x4 d:/intelfpga_lite/18.1/nios2eds/bin/gnu/h-x86_64-mingw32/bin/../lib/gcc/nios2-elf/5.3.0/../../../../../H-x86_64-mingw32/nios2-elf/lib/mno-hw-mul\libsmallc.a(lib_a-int_errno.o)
                0x0000000000011998                errno
 .sbss          0x000000000001199c        0x4 ../HW_FIR_6_bsp/\libhal_bsp.a(alt_irq_vars.o)
                0x000000000001199c                alt_irq_active
 .sbss          0x00000000000119a0        0xc ../HW_FIR_6_bsp/\libhal_bsp.a(alt_main.o)
                0x00000000000119a0                alt_envp
                0x00000000000119a4                alt_argv
                0x00000000000119a8                alt_argc
 .sbss          0x00000000000119ac        0x8 ../HW_FIR_6_bsp/\libhal_bsp.a(alt_tick.o)
                0x00000000000119ac                _alt_nticks
                0x00000000000119b0                _alt_tick_rate
 .sbss          0x00000000000119b4        0x4 ../HW_FIR_6_bsp/\libhal_bsp.a(alt_instruction_exception_entry.o)
                0x00000000000119b4                alt_instruction_exception_handler
 *(.sbss2 .sbss2.* .gnu.linkonce.sb2.*)
 *(.scommon)
                [!provide]                        PROVIDE (__sbss_end, ABSOLUTE (.))
                [!provide]                        PROVIDE (___sbss_end, ABSOLUTE (.))
 *(.dynbss)
 *(.bss .bss.* .gnu.linkonce.b.*)
 .bss           0x00000000000119b8        0x0 ../HW_FIR_6_bsp//obj/HAL/src/crt0.o
 .bss           0x00000000000119b8        0x0 obj/default/hello_world_small.o
 .bss           0x00000000000119b8        0x0 d:/intelfpga_lite/18.1/nios2eds/bin/gnu/h-x86_64-mingw32/bin/../lib/gcc/nios2-elf/5.3.0/../../../../../H-x86_64-mingw32/nios2-elf/lib/mno-hw-mul\libsmallc.a(lib_a-printf.o)
 .bss           0x00000000000119b8        0x0 d:/intelfpga_lite/18.1/nios2eds/bin/gnu/h-x86_64-mingw32/bin/../lib/gcc/nios2-elf/5.3.0/../../../../../H-x86_64-mingw32/nios2-elf/lib/mno-hw-mul\libsmallc.a(lib_a-putchar.o)
 .bss           0x00000000000119b8        0x0 d:/intelfpga_lite/18.1/nios2eds/bin/gnu/h-x86_64-mingw32/bin/../lib/gcc/nios2-elf/5.3.0/../../../../../H-x86_64-mingw32/nios2-elf/lib/mno-hw-mul\libsmallc.a(lib_a-puts.o)
 .bss           0x00000000000119b8        0x0 d:/intelfpga_lite/18.1/nios2eds/bin/gnu/h-x86_64-mingw32/bin/../lib/gcc/nios2-elf/5.3.0/../../../../../H-x86_64-mingw32/nios2-elf/lib/mno-hw-mul\libsmallc.a(lib_a-strlen.o)
 .bss           0x00000000000119b8        0x0 d:/intelfpga_lite/18.1/nios2eds/bin/gnu/h-x86_64-mingw32/bin/../lib/gcc/nios2-elf/5.3.0/../../../../../H-x86_64-mingw32/nios2-elf/lib/mno-hw-mul\libsmallc.a(lib_a-vfprintf.o)
 .bss           0x00000000000119b8        0x0 d:/intelfpga_lite/18.1/nios2eds/bin/gnu/h-x86_64-mingw32/bin/../lib/gcc/nios2-elf/5.3.0/../../../../../H-x86_64-mingw32/nios2-elf/lib/mno-hw-mul\libsmallc.a(lib_a-fvwrite_small_dev.o)
 .bss           0x00000000000119b8        0x0 d:/intelfpga_lite/18.1/nios2eds/bin/gnu/h-x86_64-mingw32/bin/../lib/gcc/nios2-elf/5.3.0/../../../../../H-x86_64-mingw32/nios2-elf/lib/mno-hw-mul\libsmallc.a(lib_a-impure.o)
 .bss           0x00000000000119b8        0x0 d:/intelfpga_lite/18.1/nios2eds/bin/gnu/h-x86_64-mingw32/bin/../lib/gcc/nios2-elf/5.3.0/../../../../../H-x86_64-mingw32/nios2-elf/lib/mno-hw-mul\libsmallc.a(lib_a-putc.o)
 .bss           0x00000000000119b8        0x0 d:/intelfpga_lite/18.1/nios2eds/bin/gnu/h-x86_64-mingw32/bin/../lib/gcc/nios2-elf/5.3.0/../../../../../H-x86_64-mingw32/nios2-elf/lib/mno-hw-mul\libsmallc.a(lib_a-writer.o)
 .bss           0x00000000000119b8        0x0 d:/intelfpga_lite/18.1/nios2eds/bin/gnu/h-x86_64-mingw32/bin/../lib/gcc/nios2-elf/5.3.0/../../../../../H-x86_64-mingw32/nios2-elf/lib/mno-hw-mul\libsmallc.a(lib_a-int_errno.o)
 .bss           0x00000000000119b8        0x0 d:/intelfpga_lite/18.1/nios2eds/bin/gnu/h-x86_64-mingw32/bin/../lib/gcc/nios2-elf/5.3.0/mno-hw-mul\libgcc.a(lib2-divmod.o)
 .bss           0x00000000000119b8        0x0 d:/intelfpga_lite/18.1/nios2eds/bin/gnu/h-x86_64-mingw32/bin/../lib/gcc/nios2-elf/5.3.0/mno-hw-mul\libgcc.a(lib2-mul.o)
 .bss           0x00000000000119b8        0x0 ../HW_FIR_6_bsp/\libhal_bsp.a(alt_irq_register.o)
 .bss           0x00000000000119b8        0x0 ../HW_FIR_6_bsp/\libhal_bsp.a(alt_irq_vars.o)
 .bss           0x00000000000119b8        0x0 ../HW_FIR_6_bsp/\libhal_bsp.a(alt_load.o)
 .bss           0x00000000000119b8        0x0 ../HW_FIR_6_bsp/\libhal_bsp.a(alt_main.o)
 .bss           0x00000000000119b8        0x0 ../HW_FIR_6_bsp/\libhal_bsp.a(alt_times.o)
 .bss           0x00000000000119b8        0x0 ../HW_FIR_6_bsp/\libhal_bsp.a(alt_write.o)
 .bss           0x00000000000119b8        0x0 ../HW_FIR_6_bsp/\libhal_bsp.a(alt_sys_init.o)
 .bss           0x00000000000119b8        0x0 ../HW_FIR_6_bsp/\libhal_bsp.a(altera_avalon_jtag_uart_write.o)
 .bss           0x00000000000119b8        0x0 ../HW_FIR_6_bsp/\libhal_bsp.a(altera_avalon_timer_sc.o)
 .bss           0x00000000000119b8        0x0 ../HW_FIR_6_bsp/\libhal_bsp.a(altera_up_avalon_accelerometer_spi.o)
 .bss           0x00000000000119b8        0x0 ../HW_FIR_6_bsp/\libhal_bsp.a(alt_dcache_flush_all.o)
 .bss           0x00000000000119b8        0x0 ../HW_FIR_6_bsp/\libhal_bsp.a(alt_dev.o)
 .bss           0x00000000000119b8        0x0 ../HW_FIR_6_bsp/\libhal_bsp.a(alt_dev_llist_insert.o)
 .bss           0x00000000000119b8        0x0 ../HW_FIR_6_bsp/\libhal_bsp.a(alt_errno.o)
 .bss           0x00000000000119b8        0x0 ../HW_FIR_6_bsp/\libhal_bsp.a(alt_find_dev.o)
 .bss           0x00000000000119b8        0x0 ../HW_FIR_6_bsp/\libhal_bsp.a(alt_icache_flush_all.o)
 .bss           0x00000000000119b8        0x0 ../HW_FIR_6_bsp/\libhal_bsp.a(alt_irq_entry.o)
 .bss           0x00000000000119b8        0x0 ../HW_FIR_6_bsp/\libhal_bsp.a(alt_irq_handler.o)
 .bss           0x00000000000119b8        0x0 ../HW_FIR_6_bsp/\libhal_bsp.a(alt_tick.o)
 .bss           0x00000000000119b8        0x0 ../HW_FIR_6_bsp/\libhal_bsp.a(altera_nios2_gen2_irq.o)
 .bss           0x00000000000119b8        0x0 ../HW_FIR_6_bsp/\libhal_bsp.a(alt_exception_entry.o)
 .bss           0x00000000000119b8        0x0 ../HW_FIR_6_bsp/\libhal_bsp.a(alt_instruction_exception_entry.o)
 .bss           0x00000000000119b8        0x0 d:/intelfpga_lite/18.1/nios2eds/bin/gnu/h-x86_64-mingw32/bin/../lib/gcc/nios2-elf/5.3.0/../../../../../H-x86_64-mingw32/nios2-elf/lib/mno-hw-mul\libsmallc.a(lib_a-memcmp.o)
 *(COMMON)
 COMMON         0x00000000000119b8       0xc4 obj/default/hello_world_small.o
                0x00000000000119b8                mem
 COMMON         0x0000000000011a7c      0x100 ../HW_FIR_6_bsp/\libhal_bsp.a(alt_irq_handler.o)
                0x0000000000011a7c                alt_irq
                0x0000000000011b7c                . = ALIGN (0x4)
                0x0000000000011b7c                __bss_end = ABSOLUTE (.)

.onchip_memory  0x0000000000011b7c        0x0
                [!provide]                        PROVIDE (_alt_partition_onchip_memory_start, ABSOLUTE (.))
 *(.onchip_memory .onchip_memory. onchip_memory.*)
                0x0000000000011b7c                . = ALIGN (0x4)
                [!provide]                        PROVIDE (_alt_partition_onchip_memory_end, ABSOLUTE (.))
                0x0000000000011b7c                _end = ABSOLUTE (.)
                0x0000000000011b7c                end = ABSOLUTE (.)
                0x0000000000011b7c                __alt_stack_base = ABSOLUTE (.)
                [!provide]                        PROVIDE (_alt_partition_onchip_memory_load_addr, LOADADDR (.onchip_memory))

.stab
 *(.stab)

.stabstr
 *(.stabstr)

.stab.excl
 *(.stab.excl)

.stab.exclstr
 *(.stab.exclstr)

.stab.index
 *(.stab.index)

.stab.indexstr
 *(.stab.indexstr)

.comment        0x0000000000000000       0x23
 *(.comment)
 .comment       0x0000000000000000       0x23 obj/default/hello_world_small.o
                                         0x24 (size before relaxing)
 .comment       0x0000000000000023       0x24 d:/intelfpga_lite/18.1/nios2eds/bin/gnu/h-x86_64-mingw32/bin/../lib/gcc/nios2-elf/5.3.0/../../../../../H-x86_64-mingw32/nios2-elf/lib/mno-hw-mul\libsmallc.a(lib_a-printf.o)
 .comment       0x0000000000000023       0x24 d:/intelfpga_lite/18.1/nios2eds/bin/gnu/h-x86_64-mingw32/bin/../lib/gcc/nios2-elf/5.3.0/../../../../../H-x86_64-mingw32/nios2-elf/lib/mno-hw-mul\libsmallc.a(lib_a-putchar.o)
 .comment       0x0000000000000023       0x24 d:/intelfpga_lite/18.1/nios2eds/bin/gnu/h-x86_64-mingw32/bin/../lib/gcc/nios2-elf/5.3.0/../../../../../H-x86_64-mingw32/nios2-elf/lib/mno-hw-mul\libsmallc.a(lib_a-puts.o)
 .comment       0x0000000000000023       0x24 d:/intelfpga_lite/18.1/nios2eds/bin/gnu/h-x86_64-mingw32/bin/../lib/gcc/nios2-elf/5.3.0/../../../../../H-x86_64-mingw32/nios2-elf/lib/mno-hw-mul\libsmallc.a(lib_a-strlen.o)
 .comment       0x0000000000000023       0x24 d:/intelfpga_lite/18.1/nios2eds/bin/gnu/h-x86_64-mingw32/bin/../lib/gcc/nios2-elf/5.3.0/../../../../../H-x86_64-mingw32/nios2-elf/lib/mno-hw-mul\libsmallc.a(lib_a-vfprintf.o)
 .comment       0x0000000000000023       0x24 d:/intelfpga_lite/18.1/nios2eds/bin/gnu/h-x86_64-mingw32/bin/../lib/gcc/nios2-elf/5.3.0/../../../../../H-x86_64-mingw32/nios2-elf/lib/mno-hw-mul\libsmallc.a(lib_a-fvwrite_small_dev.o)
 .comment       0x0000000000000023       0x24 d:/intelfpga_lite/18.1/nios2eds/bin/gnu/h-x86_64-mingw32/bin/../lib/gcc/nios2-elf/5.3.0/../../../../../H-x86_64-mingw32/nios2-elf/lib/mno-hw-mul\libsmallc.a(lib_a-impure.o)
 .comment       0x0000000000000023       0x24 d:/intelfpga_lite/18.1/nios2eds/bin/gnu/h-x86_64-mingw32/bin/../lib/gcc/nios2-elf/5.3.0/../../../../../H-x86_64-mingw32/nios2-elf/lib/mno-hw-mul\libsmallc.a(lib_a-putc.o)
 .comment       0x0000000000000023       0x24 d:/intelfpga_lite/18.1/nios2eds/bin/gnu/h-x86_64-mingw32/bin/../lib/gcc/nios2-elf/5.3.0/../../../../../H-x86_64-mingw32/nios2-elf/lib/mno-hw-mul\libsmallc.a(lib_a-writer.o)
 .comment       0x0000000000000023       0x24 d:/intelfpga_lite/18.1/nios2eds/bin/gnu/h-x86_64-mingw32/bin/../lib/gcc/nios2-elf/5.3.0/../../../../../H-x86_64-mingw32/nios2-elf/lib/mno-hw-mul\libsmallc.a(lib_a-int_errno.o)
 .comment       0x0000000000000023       0x24 d:/intelfpga_lite/18.1/nios2eds/bin/gnu/h-x86_64-mingw32/bin/../lib/gcc/nios2-elf/5.3.0/mno-hw-mul\libgcc.a(lib2-divmod.o)
 .comment       0x0000000000000023       0x24 d:/intelfpga_lite/18.1/nios2eds/bin/gnu/h-x86_64-mingw32/bin/../lib/gcc/nios2-elf/5.3.0/mno-hw-mul\libgcc.a(lib2-mul.o)
 .comment       0x0000000000000023       0x24 ../HW_FIR_6_bsp/\libhal_bsp.a(alt_irq_register.o)
 .comment       0x0000000000000023       0x24 ../HW_FIR_6_bsp/\libhal_bsp.a(alt_irq_vars.o)
 .comment       0x0000000000000023       0x24 ../HW_FIR_6_bsp/\libhal_bsp.a(alt_load.o)
 .comment       0x0000000000000023       0x24 ../HW_FIR_6_bsp/\libhal_bsp.a(alt_main.o)
 .comment       0x0000000000000023       0x24 ../HW_FIR_6_bsp/\libhal_bsp.a(alt_times.o)
 .comment       0x0000000000000023       0x24 ../HW_FIR_6_bsp/\libhal_bsp.a(alt_write.o)
 .comment       0x0000000000000023       0x24 ../HW_FIR_6_bsp/\libhal_bsp.a(alt_sys_init.o)
 .comment       0x0000000000000023       0x24 ../HW_FIR_6_bsp/\libhal_bsp.a(altera_avalon_jtag_uart_write.o)
 .comment       0x0000000000000023       0x24 ../HW_FIR_6_bsp/\libhal_bsp.a(altera_avalon_timer_sc.o)
 .comment       0x0000000000000023       0x24 ../HW_FIR_6_bsp/\libhal_bsp.a(altera_up_avalon_accelerometer_spi.o)
 .comment       0x0000000000000023       0x24 ../HW_FIR_6_bsp/\libhal_bsp.a(alt_dcache_flush_all.o)
 .comment       0x0000000000000023       0x24 ../HW_FIR_6_bsp/\libhal_bsp.a(alt_dev.o)
 .comment       0x0000000000000023       0x24 ../HW_FIR_6_bsp/\libhal_bsp.a(alt_dev_llist_insert.o)
 .comment       0x0000000000000023       0x24 ../HW_FIR_6_bsp/\libhal_bsp.a(alt_errno.o)
 .comment       0x0000000000000023       0x24 ../HW_FIR_6_bsp/\libhal_bsp.a(alt_find_dev.o)
 .comment       0x0000000000000023       0x24 ../HW_FIR_6_bsp/\libhal_bsp.a(alt_icache_flush_all.o)
 .comment       0x0000000000000023       0x24 ../HW_FIR_6_bsp/\libhal_bsp.a(alt_irq_handler.o)
 .comment       0x0000000000000023       0x24 ../HW_FIR_6_bsp/\libhal_bsp.a(alt_tick.o)
 .comment       0x0000000000000023       0x24 ../HW_FIR_6_bsp/\libhal_bsp.a(altera_nios2_gen2_irq.o)
 .comment       0x0000000000000023       0x24 ../HW_FIR_6_bsp/\libhal_bsp.a(alt_instruction_exception_entry.o)
 .comment       0x0000000000000023       0x24 d:/intelfpga_lite/18.1/nios2eds/bin/gnu/h-x86_64-mingw32/bin/../lib/gcc/nios2-elf/5.3.0/../../../../../H-x86_64-mingw32/nios2-elf/lib/mno-hw-mul\libsmallc.a(lib_a-memcmp.o)

.debug
 *(.debug)

.line
 *(.line)

.debug_srcinfo
 *(.debug_srcinfo)

.debug_sfnames
 *(.debug_sfnames)

.debug_aranges  0x0000000000000000      0x4f0
 *(.debug_aranges)
 .debug_aranges
                0x0000000000000000       0x28 ../HW_FIR_6_bsp//obj/HAL/src/crt0.o
 .debug_aranges
                0x0000000000000028       0x28 obj/default/hello_world_small.o
 .debug_aranges
                0x0000000000000050       0x28 d:/intelfpga_lite/18.1/nios2eds/bin/gnu/h-x86_64-mingw32/bin/../lib/gcc/nios2-elf/5.3.0/../../../../../H-x86_64-mingw32/nios2-elf/lib/mno-hw-mul\libsmallc.a(lib_a-printf.o)
 .debug_aranges
                0x0000000000000078       0x28 d:/intelfpga_lite/18.1/nios2eds/bin/gnu/h-x86_64-mingw32/bin/../lib/gcc/nios2-elf/5.3.0/../../../../../H-x86_64-mingw32/nios2-elf/lib/mno-hw-mul\libsmallc.a(lib_a-putchar.o)
 .debug_aranges
                0x00000000000000a0       0x28 d:/intelfpga_lite/18.1/nios2eds/bin/gnu/h-x86_64-mingw32/bin/../lib/gcc/nios2-elf/5.3.0/../../../../../H-x86_64-mingw32/nios2-elf/lib/mno-hw-mul\libsmallc.a(lib_a-puts.o)
 .debug_aranges
                0x00000000000000c8       0x20 d:/intelfpga_lite/18.1/nios2eds/bin/gnu/h-x86_64-mingw32/bin/../lib/gcc/nios2-elf/5.3.0/../../../../../H-x86_64-mingw32/nios2-elf/lib/mno-hw-mul\libsmallc.a(lib_a-strlen.o)
 .debug_aranges
                0x00000000000000e8       0x30 d:/intelfpga_lite/18.1/nios2eds/bin/gnu/h-x86_64-mingw32/bin/../lib/gcc/nios2-elf/5.3.0/../../../../../H-x86_64-mingw32/nios2-elf/lib/mno-hw-mul\libsmallc.a(lib_a-vfprintf.o)
 .debug_aranges
                0x0000000000000118       0x20 d:/intelfpga_lite/18.1/nios2eds/bin/gnu/h-x86_64-mingw32/bin/../lib/gcc/nios2-elf/5.3.0/../../../../../H-x86_64-mingw32/nios2-elf/lib/mno-hw-mul\libsmallc.a(lib_a-fvwrite_small_dev.o)
 .debug_aranges
                0x0000000000000138       0x18 d:/intelfpga_lite/18.1/nios2eds/bin/gnu/h-x86_64-mingw32/bin/../lib/gcc/nios2-elf/5.3.0/../../../../../H-x86_64-mingw32/nios2-elf/lib/mno-hw-mul\libsmallc.a(lib_a-impure.o)
 .debug_aranges
                0x0000000000000150       0x28 d:/intelfpga_lite/18.1/nios2eds/bin/gnu/h-x86_64-mingw32/bin/../lib/gcc/nios2-elf/5.3.0/../../../../../H-x86_64-mingw32/nios2-elf/lib/mno-hw-mul\libsmallc.a(lib_a-putc.o)
 .debug_aranges
                0x0000000000000178       0x20 d:/intelfpga_lite/18.1/nios2eds/bin/gnu/h-x86_64-mingw32/bin/../lib/gcc/nios2-elf/5.3.0/../../../../../H-x86_64-mingw32/nios2-elf/lib/mno-hw-mul\libsmallc.a(lib_a-writer.o)
 .debug_aranges
                0x0000000000000198       0x18 d:/intelfpga_lite/18.1/nios2eds/bin/gnu/h-x86_64-mingw32/bin/../lib/gcc/nios2-elf/5.3.0/../../../../../H-x86_64-mingw32/nios2-elf/lib/mno-hw-mul\libsmallc.a(lib_a-int_errno.o)
 .debug_aranges
                0x00000000000001b0       0x20 d:/intelfpga_lite/18.1/nios2eds/bin/gnu/h-x86_64-mingw32/bin/../lib/gcc/nios2-elf/5.3.0/mno-hw-mul\libgcc.a(lib2-divmod.o)
 .debug_aranges
                0x00000000000001d0       0x20 d:/intelfpga_lite/18.1/nios2eds/bin/gnu/h-x86_64-mingw32/bin/../lib/gcc/nios2-elf/5.3.0/mno-hw-mul\libgcc.a(lib2-mul.o)
 .debug_aranges
                0x00000000000001f0       0x20 ../HW_FIR_6_bsp/\libhal_bsp.a(alt_irq_register.o)
 .debug_aranges
                0x0000000000000210       0x18 ../HW_FIR_6_bsp/\libhal_bsp.a(alt_irq_vars.o)
 .debug_aranges
                0x0000000000000228       0x20 ../HW_FIR_6_bsp/\libhal_bsp.a(alt_load.o)
 .debug_aranges
                0x0000000000000248       0x20 ../HW_FIR_6_bsp/\libhal_bsp.a(alt_main.o)
 .debug_aranges
                0x0000000000000268       0x20 ../HW_FIR_6_bsp/\libhal_bsp.a(alt_times.o)
 .debug_aranges
                0x0000000000000288       0x20 ../HW_FIR_6_bsp/\libhal_bsp.a(alt_write.o)
 .debug_aranges
                0x00000000000002a8       0x20 ../HW_FIR_6_bsp/\libhal_bsp.a(alt_sys_init.o)
 .debug_aranges
                0x00000000000002c8       0x20 ../HW_FIR_6_bsp/\libhal_bsp.a(altera_avalon_jtag_uart_write.o)
 .debug_aranges
                0x00000000000002e8       0x20 ../HW_FIR_6_bsp/\libhal_bsp.a(altera_avalon_timer_sc.o)
 .debug_aranges
                0x0000000000000308       0x20 ../HW_FIR_6_bsp/\libhal_bsp.a(altera_up_avalon_accelerometer_spi.o)
 .debug_aranges
                0x0000000000000328       0x20 ../HW_FIR_6_bsp/\libhal_bsp.a(alt_dcache_flush_all.o)
 .debug_aranges
                0x0000000000000348       0x20 ../HW_FIR_6_bsp/\libhal_bsp.a(alt_dev.o)
 .debug_aranges
                0x0000000000000368       0x20 ../HW_FIR_6_bsp/\libhal_bsp.a(alt_dev_llist_insert.o)
 .debug_aranges
                0x0000000000000388       0x18 ../HW_FIR_6_bsp/\libhal_bsp.a(alt_errno.o)
 .debug_aranges
                0x00000000000003a0       0x20 ../HW_FIR_6_bsp/\libhal_bsp.a(alt_find_dev.o)
 .debug_aranges
                0x00000000000003c0       0x20 ../HW_FIR_6_bsp/\libhal_bsp.a(alt_icache_flush_all.o)
 .debug_aranges
                0x00000000000003e0       0x30 ../HW_FIR_6_bsp/\libhal_bsp.a(alt_irq_entry.o)
 .debug_aranges
                0x0000000000000410       0x20 ../HW_FIR_6_bsp/\libhal_bsp.a(alt_irq_handler.o)
 .debug_aranges
                0x0000000000000430       0x20 ../HW_FIR_6_bsp/\libhal_bsp.a(alt_tick.o)
 .debug_aranges
                0x0000000000000450       0x20 ../HW_FIR_6_bsp/\libhal_bsp.a(altera_nios2_gen2_irq.o)
 .debug_aranges
                0x0000000000000470       0x38 ../HW_FIR_6_bsp/\libhal_bsp.a(alt_exception_entry.o)
 .debug_aranges
                0x00000000000004a8       0x28 ../HW_FIR_6_bsp/\libhal_bsp.a(alt_instruction_exception_entry.o)
 .debug_aranges
                0x00000000000004d0       0x20 d:/intelfpga_lite/18.1/nios2eds/bin/gnu/h-x86_64-mingw32/bin/../lib/gcc/nios2-elf/5.3.0/../../../../../H-x86_64-mingw32/nios2-elf/lib/mno-hw-mul\libsmallc.a(lib_a-memcmp.o)

.debug_pubnames
 *(.debug_pubnames)

.debug_info     0x0000000000000000     0x6eee
 *(.debug_info .gnu.linkonce.wi.*)
 .debug_info    0x0000000000000000       0x78 ../HW_FIR_6_bsp//obj/HAL/src/crt0.o
 .debug_info    0x0000000000000078      0x6ed obj/default/hello_world_small.o
 .debug_info    0x0000000000000765      0x699 d:/intelfpga_lite/18.1/nios2eds/bin/gnu/h-x86_64-mingw32/bin/../lib/gcc/nios2-elf/5.3.0/../../../../../H-x86_64-mingw32/nios2-elf/lib/mno-hw-mul\libsmallc.a(lib_a-printf.o)
 .debug_info    0x0000000000000dfe      0x62a d:/intelfpga_lite/18.1/nios2eds/bin/gnu/h-x86_64-mingw32/bin/../lib/gcc/nios2-elf/5.3.0/../../../../../H-x86_64-mingw32/nios2-elf/lib/mno-hw-mul\libsmallc.a(lib_a-putchar.o)
 .debug_info    0x0000000000001428      0x66d d:/intelfpga_lite/18.1/nios2eds/bin/gnu/h-x86_64-mingw32/bin/../lib/gcc/nios2-elf/5.3.0/../../../../../H-x86_64-mingw32/nios2-elf/lib/mno-hw-mul\libsmallc.a(lib_a-puts.o)
 .debug_info    0x0000000000001a95       0xc9 d:/intelfpga_lite/18.1/nios2eds/bin/gnu/h-x86_64-mingw32/bin/../lib/gcc/nios2-elf/5.3.0/../../../../../H-x86_64-mingw32/nios2-elf/lib/mno-hw-mul\libsmallc.a(lib_a-strlen.o)
 .debug_info    0x0000000000001b5e      0xb2b d:/intelfpga_lite/18.1/nios2eds/bin/gnu/h-x86_64-mingw32/bin/../lib/gcc/nios2-elf/5.3.0/../../../../../H-x86_64-mingw32/nios2-elf/lib/mno-hw-mul\libsmallc.a(lib_a-vfprintf.o)
 .debug_info    0x0000000000002689      0x62b d:/intelfpga_lite/18.1/nios2eds/bin/gnu/h-x86_64-mingw32/bin/../lib/gcc/nios2-elf/5.3.0/../../../../../H-x86_64-mingw32/nios2-elf/lib/mno-hw-mul\libsmallc.a(lib_a-fvwrite_small_dev.o)
 .debug_info    0x0000000000002cb4      0x5a9 d:/intelfpga_lite/18.1/nios2eds/bin/gnu/h-x86_64-mingw32/bin/../lib/gcc/nios2-elf/5.3.0/../../../../../H-x86_64-mingw32/nios2-elf/lib/mno-hw-mul\libsmallc.a(lib_a-impure.o)
 .debug_info    0x000000000000325d      0x672 d:/intelfpga_lite/18.1/nios2eds/bin/gnu/h-x86_64-mingw32/bin/../lib/gcc/nios2-elf/5.3.0/../../../../../H-x86_64-mingw32/nios2-elf/lib/mno-hw-mul\libsmallc.a(lib_a-putc.o)
 .debug_info    0x00000000000038cf      0x630 d:/intelfpga_lite/18.1/nios2eds/bin/gnu/h-x86_64-mingw32/bin/../lib/gcc/nios2-elf/5.3.0/../../../../../H-x86_64-mingw32/nios2-elf/lib/mno-hw-mul\libsmallc.a(lib_a-writer.o)
 .debug_info    0x0000000000003eff       0x8a d:/intelfpga_lite/18.1/nios2eds/bin/gnu/h-x86_64-mingw32/bin/../lib/gcc/nios2-elf/5.3.0/../../../../../H-x86_64-mingw32/nios2-elf/lib/mno-hw-mul\libsmallc.a(lib_a-int_errno.o)
 .debug_info    0x0000000000003f89      0x2c6 d:/intelfpga_lite/18.1/nios2eds/bin/gnu/h-x86_64-mingw32/bin/../lib/gcc/nios2-elf/5.3.0/mno-hw-mul\libgcc.a(lib2-divmod.o)
 .debug_info    0x000000000000424f       0xb4 d:/intelfpga_lite/18.1/nios2eds/bin/gnu/h-x86_64-mingw32/bin/../lib/gcc/nios2-elf/5.3.0/mno-hw-mul\libgcc.a(lib2-mul.o)
 .debug_info    0x0000000000004303      0x30d ../HW_FIR_6_bsp/\libhal_bsp.a(alt_irq_register.o)
 .debug_info    0x0000000000004610       0x88 ../HW_FIR_6_bsp/\libhal_bsp.a(alt_irq_vars.o)
 .debug_info    0x0000000000004698      0x1c9 ../HW_FIR_6_bsp/\libhal_bsp.a(alt_load.o)
 .debug_info    0x0000000000004861      0x18f ../HW_FIR_6_bsp/\libhal_bsp.a(alt_main.o)
 .debug_info    0x00000000000049f0      0x1a1 ../HW_FIR_6_bsp/\libhal_bsp.a(alt_times.o)
 .debug_info    0x0000000000004b91      0x1c7 ../HW_FIR_6_bsp/\libhal_bsp.a(alt_write.o)
 .debug_info    0x0000000000004d58      0x48b ../HW_FIR_6_bsp/\libhal_bsp.a(alt_sys_init.o)
 .debug_info    0x00000000000051e3      0x1ad ../HW_FIR_6_bsp/\libhal_bsp.a(altera_avalon_jtag_uart_write.o)
 .debug_info    0x0000000000005390      0x28e ../HW_FIR_6_bsp/\libhal_bsp.a(altera_avalon_timer_sc.o)
 .debug_info    0x000000000000561e      0x479 ../HW_FIR_6_bsp/\libhal_bsp.a(altera_up_avalon_accelerometer_spi.o)
 .debug_info    0x0000000000005a97       0x92 ../HW_FIR_6_bsp/\libhal_bsp.a(alt_dcache_flush_all.o)
 .debug_info    0x0000000000005b29      0x499 ../HW_FIR_6_bsp/\libhal_bsp.a(alt_dev.o)
 .debug_info    0x0000000000005fc2      0x1b3 ../HW_FIR_6_bsp/\libhal_bsp.a(alt_dev_llist_insert.o)
 .debug_info    0x0000000000006175       0xa6 ../HW_FIR_6_bsp/\libhal_bsp.a(alt_errno.o)
 .debug_info    0x000000000000621b      0x32d ../HW_FIR_6_bsp/\libhal_bsp.a(alt_find_dev.o)
 .debug_info    0x0000000000006548       0x92 ../HW_FIR_6_bsp/\libhal_bsp.a(alt_icache_flush_all.o)
 .debug_info    0x00000000000065da       0x81 ../HW_FIR_6_bsp/\libhal_bsp.a(alt_irq_entry.o)
 .debug_info    0x000000000000665b      0x1a4 ../HW_FIR_6_bsp/\libhal_bsp.a(alt_irq_handler.o)
 .debug_info    0x00000000000067ff      0x2bf ../HW_FIR_6_bsp/\libhal_bsp.a(alt_tick.o)
 .debug_info    0x0000000000006abe       0xb8 ../HW_FIR_6_bsp/\libhal_bsp.a(altera_nios2_gen2_irq.o)
 .debug_info    0x0000000000006b76       0x87 ../HW_FIR_6_bsp/\libhal_bsp.a(alt_exception_entry.o)
 .debug_info    0x0000000000006bfd      0x1fd ../HW_FIR_6_bsp/\libhal_bsp.a(alt_instruction_exception_entry.o)
 .debug_info    0x0000000000006dfa       0xf4 d:/intelfpga_lite/18.1/nios2eds/bin/gnu/h-x86_64-mingw32/bin/../lib/gcc/nios2-elf/5.3.0/../../../../../H-x86_64-mingw32/nios2-elf/lib/mno-hw-mul\libsmallc.a(lib_a-memcmp.o)

.debug_abbrev   0x0000000000000000     0x26f9
 *(.debug_abbrev)
 .debug_abbrev  0x0000000000000000       0x12 ../HW_FIR_6_bsp//obj/HAL/src/crt0.o
 .debug_abbrev  0x0000000000000012      0x273 obj/default/hello_world_small.o
 .debug_abbrev  0x0000000000000285      0x1ee d:/intelfpga_lite/18.1/nios2eds/bin/gnu/h-x86_64-mingw32/bin/../lib/gcc/nios2-elf/5.3.0/../../../../../H-x86_64-mingw32/nios2-elf/lib/mno-hw-mul\libsmallc.a(lib_a-printf.o)
 .debug_abbrev  0x0000000000000473      0x1c0 d:/intelfpga_lite/18.1/nios2eds/bin/gnu/h-x86_64-mingw32/bin/../lib/gcc/nios2-elf/5.3.0/../../../../../H-x86_64-mingw32/nios2-elf/lib/mno-hw-mul\libsmallc.a(lib_a-putchar.o)
 .debug_abbrev  0x0000000000000633      0x1d6 d:/intelfpga_lite/18.1/nios2eds/bin/gnu/h-x86_64-mingw32/bin/../lib/gcc/nios2-elf/5.3.0/../../../../../H-x86_64-mingw32/nios2-elf/lib/mno-hw-mul\libsmallc.a(lib_a-puts.o)
 .debug_abbrev  0x0000000000000809       0x7f d:/intelfpga_lite/18.1/nios2eds/bin/gnu/h-x86_64-mingw32/bin/../lib/gcc/nios2-elf/5.3.0/../../../../../H-x86_64-mingw32/nios2-elf/lib/mno-hw-mul\libsmallc.a(lib_a-strlen.o)
 .debug_abbrev  0x0000000000000888      0x2a1 d:/intelfpga_lite/18.1/nios2eds/bin/gnu/h-x86_64-mingw32/bin/../lib/gcc/nios2-elf/5.3.0/../../../../../H-x86_64-mingw32/nios2-elf/lib/mno-hw-mul\libsmallc.a(lib_a-vfprintf.o)
 .debug_abbrev  0x0000000000000b29      0x1bc d:/intelfpga_lite/18.1/nios2eds/bin/gnu/h-x86_64-mingw32/bin/../lib/gcc/nios2-elf/5.3.0/../../../../../H-x86_64-mingw32/nios2-elf/lib/mno-hw-mul\libsmallc.a(lib_a-fvwrite_small_dev.o)
 .debug_abbrev  0x0000000000000ce5      0x14a d:/intelfpga_lite/18.1/nios2eds/bin/gnu/h-x86_64-mingw32/bin/../lib/gcc/nios2-elf/5.3.0/../../../../../H-x86_64-mingw32/nios2-elf/lib/mno-hw-mul\libsmallc.a(lib_a-impure.o)
 .debug_abbrev  0x0000000000000e2f      0x1bd d:/intelfpga_lite/18.1/nios2eds/bin/gnu/h-x86_64-mingw32/bin/../lib/gcc/nios2-elf/5.3.0/../../../../../H-x86_64-mingw32/nios2-elf/lib/mno-hw-mul\libsmallc.a(lib_a-putc.o)
 .debug_abbrev  0x0000000000000fec      0x1a6 d:/intelfpga_lite/18.1/nios2eds/bin/gnu/h-x86_64-mingw32/bin/../lib/gcc/nios2-elf/5.3.0/../../../../../H-x86_64-mingw32/nios2-elf/lib/mno-hw-mul\libsmallc.a(lib_a-writer.o)
 .debug_abbrev  0x0000000000001192       0x37 d:/intelfpga_lite/18.1/nios2eds/bin/gnu/h-x86_64-mingw32/bin/../lib/gcc/nios2-elf/5.3.0/../../../../../H-x86_64-mingw32/nios2-elf/lib/mno-hw-mul\libsmallc.a(lib_a-int_errno.o)
 .debug_abbrev  0x00000000000011c9      0x10e d:/intelfpga_lite/18.1/nios2eds/bin/gnu/h-x86_64-mingw32/bin/../lib/gcc/nios2-elf/5.3.0/mno-hw-mul\libgcc.a(lib2-divmod.o)
 .debug_abbrev  0x00000000000012d7       0x6f d:/intelfpga_lite/18.1/nios2eds/bin/gnu/h-x86_64-mingw32/bin/../lib/gcc/nios2-elf/5.3.0/mno-hw-mul\libgcc.a(lib2-mul.o)
 .debug_abbrev  0x0000000000001346      0x1a5 ../HW_FIR_6_bsp/\libhal_bsp.a(alt_irq_register.o)
 .debug_abbrev  0x00000000000014eb       0x40 ../HW_FIR_6_bsp/\libhal_bsp.a(alt_irq_vars.o)
 .debug_abbrev  0x000000000000152b       0xd8 ../HW_FIR_6_bsp/\libhal_bsp.a(alt_load.o)
 .debug_abbrev  0x0000000000001603       0xf5 ../HW_FIR_6_bsp/\libhal_bsp.a(alt_main.o)
 .debug_abbrev  0x00000000000016f8       0xe6 ../HW_FIR_6_bsp/\libhal_bsp.a(alt_times.o)
 .debug_abbrev  0x00000000000017de      0x12e ../HW_FIR_6_bsp/\libhal_bsp.a(alt_write.o)
 .debug_abbrev  0x000000000000190c      0x1b2 ../HW_FIR_6_bsp/\libhal_bsp.a(alt_sys_init.o)
 .debug_abbrev  0x0000000000001abe       0xd5 ../HW_FIR_6_bsp/\libhal_bsp.a(altera_avalon_jtag_uart_write.o)
 .debug_abbrev  0x0000000000001b93      0x194 ../HW_FIR_6_bsp/\libhal_bsp.a(altera_avalon_timer_sc.o)
 .debug_abbrev  0x0000000000001d27      0x119 ../HW_FIR_6_bsp/\libhal_bsp.a(altera_up_avalon_accelerometer_spi.o)
 .debug_abbrev  0x0000000000001e40       0x42 ../HW_FIR_6_bsp/\libhal_bsp.a(alt_dcache_flush_all.o)
 .debug_abbrev  0x0000000000001e82       0xd9 ../HW_FIR_6_bsp/\libhal_bsp.a(alt_dev.o)
 .debug_abbrev  0x0000000000001f5b      0x11c ../HW_FIR_6_bsp/\libhal_bsp.a(alt_dev_llist_insert.o)
 .debug_abbrev  0x0000000000002077       0x5a ../HW_FIR_6_bsp/\libhal_bsp.a(alt_errno.o)
 .debug_abbrev  0x00000000000020d1      0x125 ../HW_FIR_6_bsp/\libhal_bsp.a(alt_find_dev.o)
 .debug_abbrev  0x00000000000021f6       0x42 ../HW_FIR_6_bsp/\libhal_bsp.a(alt_icache_flush_all.o)
 .debug_abbrev  0x0000000000002238       0x12 ../HW_FIR_6_bsp/\libhal_bsp.a(alt_irq_entry.o)
 .debug_abbrev  0x000000000000224a      0x138 ../HW_FIR_6_bsp/\libhal_bsp.a(alt_irq_handler.o)
 .debug_abbrev  0x0000000000002382      0x198 ../HW_FIR_6_bsp/\libhal_bsp.a(alt_tick.o)
 .debug_abbrev  0x000000000000251a       0x67 ../HW_FIR_6_bsp/\libhal_bsp.a(altera_nios2_gen2_irq.o)
 .debug_abbrev  0x0000000000002581       0x12 ../HW_FIR_6_bsp/\libhal_bsp.a(alt_exception_entry.o)
 .debug_abbrev  0x0000000000002593       0xe7 ../HW_FIR_6_bsp/\libhal_bsp.a(alt_instruction_exception_entry.o)
 .debug_abbrev  0x000000000000267a       0x7f d:/intelfpga_lite/18.1/nios2eds/bin/gnu/h-x86_64-mingw32/bin/../lib/gcc/nios2-elf/5.3.0/../../../../../H-x86_64-mingw32/nios2-elf/lib/mno-hw-mul\libsmallc.a(lib_a-memcmp.o)

.debug_line     0x0000000000000000     0x29c6
 *(.debug_line)
 .debug_line    0x0000000000000000       0x66 ../HW_FIR_6_bsp//obj/HAL/src/crt0.o
 .debug_line    0x0000000000000066      0x20b obj/default/hello_world_small.o
 .debug_line    0x0000000000000271      0x203 d:/intelfpga_lite/18.1/nios2eds/bin/gnu/h-x86_64-mingw32/bin/../lib/gcc/nios2-elf/5.3.0/../../../../../H-x86_64-mingw32/nios2-elf/lib/mno-hw-mul\libsmallc.a(lib_a-printf.o)
 .debug_line    0x0000000000000474      0x1e9 d:/intelfpga_lite/18.1/nios2eds/bin/gnu/h-x86_64-mingw32/bin/../lib/gcc/nios2-elf/5.3.0/../../../../../H-x86_64-mingw32/nios2-elf/lib/mno-hw-mul\libsmallc.a(lib_a-putchar.o)
 .debug_line    0x000000000000065d      0x206 d:/intelfpga_lite/18.1/nios2eds/bin/gnu/h-x86_64-mingw32/bin/../lib/gcc/nios2-elf/5.3.0/../../../../../H-x86_64-mingw32/nios2-elf/lib/mno-hw-mul\libsmallc.a(lib_a-puts.o)
 .debug_line    0x0000000000000863      0x15c d:/intelfpga_lite/18.1/nios2eds/bin/gnu/h-x86_64-mingw32/bin/../lib/gcc/nios2-elf/5.3.0/../../../../../H-x86_64-mingw32/nios2-elf/lib/mno-hw-mul\libsmallc.a(lib_a-strlen.o)
 .debug_line    0x00000000000009bf      0x351 d:/intelfpga_lite/18.1/nios2eds/bin/gnu/h-x86_64-mingw32/bin/../lib/gcc/nios2-elf/5.3.0/../../../../../H-x86_64-mingw32/nios2-elf/lib/mno-hw-mul\libsmallc.a(lib_a-vfprintf.o)
 .debug_line    0x0000000000000d10      0x1f0 d:/intelfpga_lite/18.1/nios2eds/bin/gnu/h-x86_64-mingw32/bin/../lib/gcc/nios2-elf/5.3.0/../../../../../H-x86_64-mingw32/nios2-elf/lib/mno-hw-mul\libsmallc.a(lib_a-fvwrite_small_dev.o)
 .debug_line    0x0000000000000f00      0x156 d:/intelfpga_lite/18.1/nios2eds/bin/gnu/h-x86_64-mingw32/bin/../lib/gcc/nios2-elf/5.3.0/../../../../../H-x86_64-mingw32/nios2-elf/lib/mno-hw-mul\libsmallc.a(lib_a-impure.o)
 .debug_line    0x0000000000001056      0x202 d:/intelfpga_lite/18.1/nios2eds/bin/gnu/h-x86_64-mingw32/bin/../lib/gcc/nios2-elf/5.3.0/../../../../../H-x86_64-mingw32/nios2-elf/lib/mno-hw-mul\libsmallc.a(lib_a-putc.o)
 .debug_line    0x0000000000001258      0x1ed d:/intelfpga_lite/18.1/nios2eds/bin/gnu/h-x86_64-mingw32/bin/../lib/gcc/nios2-elf/5.3.0/../../../../../H-x86_64-mingw32/nios2-elf/lib/mno-hw-mul\libsmallc.a(lib_a-writer.o)
 .debug_line    0x0000000000001445       0x5f d:/intelfpga_lite/18.1/nios2eds/bin/gnu/h-x86_64-mingw32/bin/../lib/gcc/nios2-elf/5.3.0/../../../../../H-x86_64-mingw32/nios2-elf/lib/mno-hw-mul\libsmallc.a(lib_a-int_errno.o)
 .debug_line    0x00000000000014a4      0x105 d:/intelfpga_lite/18.1/nios2eds/bin/gnu/h-x86_64-mingw32/bin/../lib/gcc/nios2-elf/5.3.0/mno-hw-mul\libgcc.a(lib2-divmod.o)
 .debug_line    0x00000000000015a9       0x80 d:/intelfpga_lite/18.1/nios2eds/bin/gnu/h-x86_64-mingw32/bin/../lib/gcc/nios2-elf/5.3.0/mno-hw-mul\libgcc.a(lib2-mul.o)
 .debug_line    0x0000000000001629       0xed ../HW_FIR_6_bsp/\libhal_bsp.a(alt_irq_register.o)
 .debug_line    0x0000000000001716       0x50 ../HW_FIR_6_bsp/\libhal_bsp.a(alt_irq_vars.o)
 .debug_line    0x0000000000001766       0xa4 ../HW_FIR_6_bsp/\libhal_bsp.a(alt_load.o)
 .debug_line    0x000000000000180a       0xea ../HW_FIR_6_bsp/\libhal_bsp.a(alt_main.o)
 .debug_line    0x00000000000018f4      0x13a ../HW_FIR_6_bsp/\libhal_bsp.a(alt_times.o)
 .debug_line    0x0000000000001a2e      0x16a ../HW_FIR_6_bsp/\libhal_bsp.a(alt_write.o)
 .debug_line    0x0000000000001b98      0x17b ../HW_FIR_6_bsp/\libhal_bsp.a(alt_sys_init.o)
 .debug_line    0x0000000000001d13      0x104 ../HW_FIR_6_bsp/\libhal_bsp.a(altera_avalon_jtag_uart_write.o)
 .debug_line    0x0000000000001e17      0x113 ../HW_FIR_6_bsp/\libhal_bsp.a(altera_avalon_timer_sc.o)
 .debug_line    0x0000000000001f2a      0x131 ../HW_FIR_6_bsp/\libhal_bsp.a(altera_up_avalon_accelerometer_spi.o)
 .debug_line    0x000000000000205b       0x4e ../HW_FIR_6_bsp/\libhal_bsp.a(alt_dcache_flush_all.o)
 .debug_line    0x00000000000020a9       0xf6 ../HW_FIR_6_bsp/\libhal_bsp.a(alt_dev.o)
 .debug_line    0x000000000000219f       0xd8 ../HW_FIR_6_bsp/\libhal_bsp.a(alt_dev_llist_insert.o)
 .debug_line    0x0000000000002277       0x51 ../HW_FIR_6_bsp/\libhal_bsp.a(alt_errno.o)
 .debug_line    0x00000000000022c8      0x107 ../HW_FIR_6_bsp/\libhal_bsp.a(alt_find_dev.o)
 .debug_line    0x00000000000023cf       0x4e ../HW_FIR_6_bsp/\libhal_bsp.a(alt_icache_flush_all.o)
 .debug_line    0x000000000000241d       0x6b ../HW_FIR_6_bsp/\libhal_bsp.a(alt_irq_entry.o)
 .debug_line    0x0000000000002488       0xc8 ../HW_FIR_6_bsp/\libhal_bsp.a(alt_irq_handler.o)
 .debug_line    0x0000000000002550      0x118 ../HW_FIR_6_bsp/\libhal_bsp.a(alt_tick.o)
 .debug_line    0x0000000000002668       0x8c ../HW_FIR_6_bsp/\libhal_bsp.a(altera_nios2_gen2_irq.o)
 .debug_line    0x00000000000026f4       0xb3 ../HW_FIR_6_bsp/\libhal_bsp.a(alt_exception_entry.o)
 .debug_line    0x00000000000027a7       0xbf ../HW_FIR_6_bsp/\libhal_bsp.a(alt_instruction_exception_entry.o)
 .debug_line    0x0000000000002866      0x160 d:/intelfpga_lite/18.1/nios2eds/bin/gnu/h-x86_64-mingw32/bin/../lib/gcc/nios2-elf/5.3.0/../../../../../H-x86_64-mingw32/nios2-elf/lib/mno-hw-mul\libsmallc.a(lib_a-memcmp.o)

.debug_frame    0x0000000000000000      0x718
 *(.debug_frame)
 .debug_frame   0x0000000000000000       0xa4 obj/default/hello_world_small.o
 .debug_frame   0x00000000000000a4       0x48 d:/intelfpga_lite/18.1/nios2eds/bin/gnu/h-x86_64-mingw32/bin/../lib/gcc/nios2-elf/5.3.0/../../../../../H-x86_64-mingw32/nios2-elf/lib/mno-hw-mul\libsmallc.a(lib_a-printf.o)
 .debug_frame   0x00000000000000ec       0x30 d:/intelfpga_lite/18.1/nios2eds/bin/gnu/h-x86_64-mingw32/bin/../lib/gcc/nios2-elf/5.3.0/../../../../../H-x86_64-mingw32/nios2-elf/lib/mno-hw-mul\libsmallc.a(lib_a-putchar.o)
 .debug_frame   0x000000000000011c       0x48 d:/intelfpga_lite/18.1/nios2eds/bin/gnu/h-x86_64-mingw32/bin/../lib/gcc/nios2-elf/5.3.0/../../../../../H-x86_64-mingw32/nios2-elf/lib/mno-hw-mul\libsmallc.a(lib_a-puts.o)
 .debug_frame   0x0000000000000164       0x20 d:/intelfpga_lite/18.1/nios2eds/bin/gnu/h-x86_64-mingw32/bin/../lib/gcc/nios2-elf/5.3.0/../../../../../H-x86_64-mingw32/nios2-elf/lib/mno-hw-mul\libsmallc.a(lib_a-strlen.o)
 .debug_frame   0x0000000000000184       0x8c d:/intelfpga_lite/18.1/nios2eds/bin/gnu/h-x86_64-mingw32/bin/../lib/gcc/nios2-elf/5.3.0/../../../../../H-x86_64-mingw32/nios2-elf/lib/mno-hw-mul\libsmallc.a(lib_a-vfprintf.o)
 .debug_frame   0x0000000000000210       0x58 d:/intelfpga_lite/18.1/nios2eds/bin/gnu/h-x86_64-mingw32/bin/../lib/gcc/nios2-elf/5.3.0/../../../../../H-x86_64-mingw32/nios2-elf/lib/mno-hw-mul\libsmallc.a(lib_a-fvwrite_small_dev.o)
 .debug_frame   0x0000000000000268       0x50 d:/intelfpga_lite/18.1/nios2eds/bin/gnu/h-x86_64-mingw32/bin/../lib/gcc/nios2-elf/5.3.0/../../../../../H-x86_64-mingw32/nios2-elf/lib/mno-hw-mul\libsmallc.a(lib_a-putc.o)
 .debug_frame   0x00000000000002b8       0x38 d:/intelfpga_lite/18.1/nios2eds/bin/gnu/h-x86_64-mingw32/bin/../lib/gcc/nios2-elf/5.3.0/../../../../../H-x86_64-mingw32/nios2-elf/lib/mno-hw-mul\libsmallc.a(lib_a-writer.o)
 .debug_frame   0x00000000000002f0       0x50 d:/intelfpga_lite/18.1/nios2eds/bin/gnu/h-x86_64-mingw32/bin/../lib/gcc/nios2-elf/5.3.0/mno-hw-mul\libgcc.a(lib2-divmod.o)
 .debug_frame   0x0000000000000340       0x20 d:/intelfpga_lite/18.1/nios2eds/bin/gnu/h-x86_64-mingw32/bin/../lib/gcc/nios2-elf/5.3.0/mno-hw-mul\libgcc.a(lib2-mul.o)
 .debug_frame   0x0000000000000360       0x20 ../HW_FIR_6_bsp/\libhal_bsp.a(alt_irq_register.o)
 .debug_frame   0x0000000000000380       0x30 ../HW_FIR_6_bsp/\libhal_bsp.a(alt_load.o)
 .debug_frame   0x00000000000003b0       0x2c ../HW_FIR_6_bsp/\libhal_bsp.a(alt_main.o)
 .debug_frame   0x00000000000003dc       0x2c ../HW_FIR_6_bsp/\libhal_bsp.a(alt_times.o)
 .debug_frame   0x0000000000000408       0x2c ../HW_FIR_6_bsp/\libhal_bsp.a(alt_write.o)
 .debug_frame   0x0000000000000434       0x48 ../HW_FIR_6_bsp/\libhal_bsp.a(alt_sys_init.o)
 .debug_frame   0x000000000000047c       0x20 ../HW_FIR_6_bsp/\libhal_bsp.a(altera_avalon_jtag_uart_write.o)
 .debug_frame   0x000000000000049c       0x40 ../HW_FIR_6_bsp/\libhal_bsp.a(altera_avalon_timer_sc.o)
 .debug_frame   0x00000000000004dc       0x80 ../HW_FIR_6_bsp/\libhal_bsp.a(altera_up_avalon_accelerometer_spi.o)
 .debug_frame   0x000000000000055c       0x20 ../HW_FIR_6_bsp/\libhal_bsp.a(alt_dcache_flush_all.o)
 .debug_frame   0x000000000000057c       0x20 ../HW_FIR_6_bsp/\libhal_bsp.a(alt_dev.o)
 .debug_frame   0x000000000000059c       0x2c ../HW_FIR_6_bsp/\libhal_bsp.a(alt_dev_llist_insert.o)
 .debug_frame   0x00000000000005c8       0x3c ../HW_FIR_6_bsp/\libhal_bsp.a(alt_find_dev.o)
 .debug_frame   0x0000000000000604       0x20 ../HW_FIR_6_bsp/\libhal_bsp.a(alt_icache_flush_all.o)
 .debug_frame   0x0000000000000624       0x34 ../HW_FIR_6_bsp/\libhal_bsp.a(alt_irq_handler.o)
 .debug_frame   0x0000000000000658       0x50 ../HW_FIR_6_bsp/\libhal_bsp.a(alt_tick.o)
 .debug_frame   0x00000000000006a8       0x20 ../HW_FIR_6_bsp/\libhal_bsp.a(altera_nios2_gen2_irq.o)
 .debug_frame   0x00000000000006c8       0x30 ../HW_FIR_6_bsp/\libhal_bsp.a(alt_instruction_exception_entry.o)
 .debug_frame   0x00000000000006f8       0x20 d:/intelfpga_lite/18.1/nios2eds/bin/gnu/h-x86_64-mingw32/bin/../lib/gcc/nios2-elf/5.3.0/../../../../../H-x86_64-mingw32/nios2-elf/lib/mno-hw-mul\libsmallc.a(lib_a-memcmp.o)

.debug_str      0x0000000000000000     0x1bc2
 *(.debug_str)
 .debug_str     0x0000000000000000      0x313 obj/default/hello_world_small.o
                                        0x37e (size before relaxing)
 .debug_str     0x0000000000000313      0x422 d:/intelfpga_lite/18.1/nios2eds/bin/gnu/h-x86_64-mingw32/bin/../lib/gcc/nios2-elf/5.3.0/../../../../../H-x86_64-mingw32/nios2-elf/lib/mno-hw-mul\libsmallc.a(lib_a-printf.o)
                                        0x504 (size before relaxing)
 .debug_str     0x0000000000000735       0x50 d:/intelfpga_lite/18.1/nios2eds/bin/gnu/h-x86_64-mingw32/bin/../lib/gcc/nios2-elf/5.3.0/../../../../../H-x86_64-mingw32/nios2-elf/lib/mno-hw-mul\libsmallc.a(lib_a-putchar.o)
                                        0x4c1 (size before relaxing)
 .debug_str     0x0000000000000785       0x5e d:/intelfpga_lite/18.1/nios2eds/bin/gnu/h-x86_64-mingw32/bin/../lib/gcc/nios2-elf/5.3.0/../../../../../H-x86_64-mingw32/nios2-elf/lib/mno-hw-mul\libsmallc.a(lib_a-puts.o)
                                        0x4cd (size before relaxing)
 .debug_str     0x00000000000007e3       0xd2 d:/intelfpga_lite/18.1/nios2eds/bin/gnu/h-x86_64-mingw32/bin/../lib/gcc/nios2-elf/5.3.0/../../../../../H-x86_64-mingw32/nios2-elf/lib/mno-hw-mul\libsmallc.a(lib_a-strlen.o)
                                        0x1e5 (size before relaxing)
 .debug_str     0x00000000000008b5      0x1f8 d:/intelfpga_lite/18.1/nios2eds/bin/gnu/h-x86_64-mingw32/bin/../lib/gcc/nios2-elf/5.3.0/../../../../../H-x86_64-mingw32/nios2-elf/lib/mno-hw-mul\libsmallc.a(lib_a-vfprintf.o)
                                        0x67f (size before relaxing)
 .debug_str     0x0000000000000aad       0x63 d:/intelfpga_lite/18.1/nios2eds/bin/gnu/h-x86_64-mingw32/bin/../lib/gcc/nios2-elf/5.3.0/../../../../../H-x86_64-mingw32/nios2-elf/lib/mno-hw-mul\libsmallc.a(lib_a-fvwrite_small_dev.o)
                                        0x4d4 (size before relaxing)
 .debug_str     0x0000000000000b10       0xef d:/intelfpga_lite/18.1/nios2eds/bin/gnu/h-x86_64-mingw32/bin/../lib/gcc/nios2-elf/5.3.0/../../../../../H-x86_64-mingw32/nios2-elf/lib/mno-hw-mul\libsmallc.a(lib_a-impure.o)
                                        0x4be (size before relaxing)
 .debug_str     0x0000000000000bff       0x46 d:/intelfpga_lite/18.1/nios2eds/bin/gnu/h-x86_64-mingw32/bin/../lib/gcc/nios2-elf/5.3.0/../../../../../H-x86_64-mingw32/nios2-elf/lib/mno-hw-mul\libsmallc.a(lib_a-putc.o)
                                        0x4cb (size before relaxing)
 .debug_str     0x0000000000000c45       0x45 d:/intelfpga_lite/18.1/nios2eds/bin/gnu/h-x86_64-mingw32/bin/../lib/gcc/nios2-elf/5.3.0/../../../../../H-x86_64-mingw32/nios2-elf/lib/mno-hw-mul\libsmallc.a(lib_a-writer.o)
                                        0x4b8 (size before relaxing)
 .debug_str     0x0000000000000c8a       0x3f d:/intelfpga_lite/18.1/nios2eds/bin/gnu/h-x86_64-mingw32/bin/../lib/gcc/nios2-elf/5.3.0/../../../../../H-x86_64-mingw32/nios2-elf/lib/mno-hw-mul\libsmallc.a(lib_a-int_errno.o)
                                        0x1d8 (size before relaxing)
 .debug_str     0x0000000000000cc9      0x187 d:/intelfpga_lite/18.1/nios2eds/bin/gnu/h-x86_64-mingw32/bin/../lib/gcc/nios2-elf/5.3.0/mno-hw-mul\libgcc.a(lib2-divmod.o)
                                        0x1d2 (size before relaxing)
 .debug_str     0x0000000000000e50       0x40 d:/intelfpga_lite/18.1/nios2eds/bin/gnu/h-x86_64-mingw32/bin/../lib/gcc/nios2-elf/5.3.0/mno-hw-mul\libgcc.a(lib2-mul.o)
                                        0x193 (size before relaxing)
 .debug_str     0x0000000000000e90       0xe1 ../HW_FIR_6_bsp/\libhal_bsp.a(alt_irq_register.o)
                                        0x212 (size before relaxing)
 .debug_str     0x0000000000000f71       0x17 ../HW_FIR_6_bsp/\libhal_bsp.a(alt_irq_vars.o)
                                        0x144 (size before relaxing)
 .debug_str     0x0000000000000f88      0x113 ../HW_FIR_6_bsp/\libhal_bsp.a(alt_load.o)
                                        0x246 (size before relaxing)
 .debug_str     0x000000000000109b       0x5e ../HW_FIR_6_bsp/\libhal_bsp.a(alt_main.o)
                                        0x1e8 (size before relaxing)
 .debug_str     0x00000000000010f9       0x86 ../HW_FIR_6_bsp/\libhal_bsp.a(alt_times.o)
                                        0x1de (size before relaxing)
 .debug_str     0x000000000000117f       0x5c ../HW_FIR_6_bsp/\libhal_bsp.a(alt_write.o)
                                        0x1e8 (size before relaxing)
 .debug_str     0x00000000000011db       0xf8 ../HW_FIR_6_bsp/\libhal_bsp.a(alt_sys_init.o)
                                        0x36d (size before relaxing)
 .debug_str     0x00000000000012d3       0x2c ../HW_FIR_6_bsp/\libhal_bsp.a(altera_avalon_jtag_uart_write.o)
                                        0x240 (size before relaxing)
 .debug_str     0x00000000000012ff       0x6f ../HW_FIR_6_bsp/\libhal_bsp.a(altera_avalon_timer_sc.o)
                                        0x290 (size before relaxing)
 .debug_str     0x000000000000136e       0xfe ../HW_FIR_6_bsp/\libhal_bsp.a(altera_up_avalon_accelerometer_spi.o)
                                        0x358 (size before relaxing)
 .debug_str     0x000000000000146c       0x1f ../HW_FIR_6_bsp/\libhal_bsp.a(alt_dcache_flush_all.o)
                                        0x15f (size before relaxing)
 .debug_str     0x000000000000148b      0x125 ../HW_FIR_6_bsp/\libhal_bsp.a(alt_dev.o)
                                        0x30f (size before relaxing)
 .debug_str     0x00000000000015b0       0x30 ../HW_FIR_6_bsp/\libhal_bsp.a(alt_dev_llist_insert.o)
                                        0x1d6 (size before relaxing)
 .debug_str     0x00000000000015e0       0x14 ../HW_FIR_6_bsp/\libhal_bsp.a(alt_errno.o)
                                        0x14f (size before relaxing)
 .debug_str     0x00000000000015f4       0x1e ../HW_FIR_6_bsp/\libhal_bsp.a(alt_find_dev.o)
                                        0x204 (size before relaxing)
 .debug_str     0x0000000000001612       0x1f ../HW_FIR_6_bsp/\libhal_bsp.a(alt_icache_flush_all.o)
                                        0x15f (size before relaxing)
 .debug_str     0x0000000000001631       0x3a ../HW_FIR_6_bsp/\libhal_bsp.a(alt_irq_handler.o)
                                        0x1c2 (size before relaxing)
 .debug_str     0x000000000000166b       0x6f ../HW_FIR_6_bsp/\libhal_bsp.a(alt_tick.o)
                                        0x27d (size before relaxing)
 .debug_str     0x00000000000016da       0x20 ../HW_FIR_6_bsp/\libhal_bsp.a(altera_nios2_gen2_irq.o)
                                        0x18f (size before relaxing)
 .debug_str     0x00000000000016fa      0x48b ../HW_FIR_6_bsp/\libhal_bsp.a(alt_instruction_exception_entry.o)
                                        0x5aa (size before relaxing)
 .debug_str     0x0000000000001b85       0x3d d:/intelfpga_lite/18.1/nios2eds/bin/gnu/h-x86_64-mingw32/bin/../lib/gcc/nios2-elf/5.3.0/../../../../../H-x86_64-mingw32/nios2-elf/lib/mno-hw-mul\libsmallc.a(lib_a-memcmp.o)
                                        0x1df (size before relaxing)

.debug_loc      0x0000000000000000     0x1b9f
 *(.debug_loc)
 .debug_loc     0x0000000000000000      0x191 obj/default/hello_world_small.o
 .debug_loc     0x0000000000000191       0xc6 d:/intelfpga_lite/18.1/nios2eds/bin/gnu/h-x86_64-mingw32/bin/../lib/gcc/nios2-elf/5.3.0/../../../../../H-x86_64-mingw32/nios2-elf/lib/mno-hw-mul\libsmallc.a(lib_a-printf.o)
 .debug_loc     0x0000000000000257       0x81 d:/intelfpga_lite/18.1/nios2eds/bin/gnu/h-x86_64-mingw32/bin/../lib/gcc/nios2-elf/5.3.0/../../../../../H-x86_64-mingw32/nios2-elf/lib/mno-hw-mul\libsmallc.a(lib_a-putchar.o)
 .debug_loc     0x00000000000002d8       0x97 d:/intelfpga_lite/18.1/nios2eds/bin/gnu/h-x86_64-mingw32/bin/../lib/gcc/nios2-elf/5.3.0/../../../../../H-x86_64-mingw32/nios2-elf/lib/mno-hw-mul\libsmallc.a(lib_a-puts.o)
 .debug_loc     0x000000000000036f       0x1e d:/intelfpga_lite/18.1/nios2eds/bin/gnu/h-x86_64-mingw32/bin/../lib/gcc/nios2-elf/5.3.0/../../../../../H-x86_64-mingw32/nios2-elf/lib/mno-hw-mul\libsmallc.a(lib_a-strlen.o)
 .debug_loc     0x000000000000038d      0x954 d:/intelfpga_lite/18.1/nios2eds/bin/gnu/h-x86_64-mingw32/bin/../lib/gcc/nios2-elf/5.3.0/../../../../../H-x86_64-mingw32/nios2-elf/lib/mno-hw-mul\libsmallc.a(lib_a-vfprintf.o)
 .debug_loc     0x0000000000000ce1      0x110 d:/intelfpga_lite/18.1/nios2eds/bin/gnu/h-x86_64-mingw32/bin/../lib/gcc/nios2-elf/5.3.0/../../../../../H-x86_64-mingw32/nios2-elf/lib/mno-hw-mul\libsmallc.a(lib_a-fvwrite_small_dev.o)
 .debug_loc     0x0000000000000df1       0xc6 d:/intelfpga_lite/18.1/nios2eds/bin/gnu/h-x86_64-mingw32/bin/../lib/gcc/nios2-elf/5.3.0/../../../../../H-x86_64-mingw32/nios2-elf/lib/mno-hw-mul\libsmallc.a(lib_a-putc.o)
 .debug_loc     0x0000000000000eb7       0xa5 d:/intelfpga_lite/18.1/nios2eds/bin/gnu/h-x86_64-mingw32/bin/../lib/gcc/nios2-elf/5.3.0/../../../../../H-x86_64-mingw32/nios2-elf/lib/mno-hw-mul\libsmallc.a(lib_a-writer.o)
 .debug_loc     0x0000000000000f5c      0x4ce d:/intelfpga_lite/18.1/nios2eds/bin/gnu/h-x86_64-mingw32/bin/../lib/gcc/nios2-elf/5.3.0/mno-hw-mul\libgcc.a(lib2-divmod.o)
 .debug_loc     0x000000000000142a       0x93 d:/intelfpga_lite/18.1/nios2eds/bin/gnu/h-x86_64-mingw32/bin/../lib/gcc/nios2-elf/5.3.0/mno-hw-mul\libgcc.a(lib2-mul.o)
 .debug_loc     0x00000000000014bd       0xfa ../HW_FIR_6_bsp/\libhal_bsp.a(alt_irq_register.o)
 .debug_loc     0x00000000000015b7       0x2c ../HW_FIR_6_bsp/\libhal_bsp.a(alt_times.o)
 .debug_loc     0x00000000000015e3       0xcf ../HW_FIR_6_bsp/\libhal_bsp.a(alt_write.o)
 .debug_loc     0x00000000000016b2       0x21 ../HW_FIR_6_bsp/\libhal_bsp.a(alt_sys_init.o)
 .debug_loc     0x00000000000016d3       0x8b ../HW_FIR_6_bsp/\libhal_bsp.a(altera_avalon_jtag_uart_write.o)
 .debug_loc     0x000000000000175e      0x102 ../HW_FIR_6_bsp/\libhal_bsp.a(altera_avalon_timer_sc.o)
 .debug_loc     0x0000000000001860       0x63 ../HW_FIR_6_bsp/\libhal_bsp.a(altera_up_avalon_accelerometer_spi.o)
 .debug_loc     0x00000000000018c3       0x7e ../HW_FIR_6_bsp/\libhal_bsp.a(alt_dev_llist_insert.o)
 .debug_loc     0x0000000000001941       0x7e ../HW_FIR_6_bsp/\libhal_bsp.a(alt_find_dev.o)
 .debug_loc     0x00000000000019bf       0x72 ../HW_FIR_6_bsp/\libhal_bsp.a(alt_irq_handler.o)
 .debug_loc     0x0000000000001a31       0x75 ../HW_FIR_6_bsp/\libhal_bsp.a(alt_tick.o)
 .debug_loc     0x0000000000001aa6       0x65 ../HW_FIR_6_bsp/\libhal_bsp.a(alt_instruction_exception_entry.o)
 .debug_loc     0x0000000000001b0b       0x94 d:/intelfpga_lite/18.1/nios2eds/bin/gnu/h-x86_64-mingw32/bin/../lib/gcc/nios2-elf/5.3.0/../../../../../H-x86_64-mingw32/nios2-elf/lib/mno-hw-mul\libsmallc.a(lib_a-memcmp.o)

.debug_macinfo
 *(.debug_macinfo)

.debug_weaknames
 *(.debug_weaknames)

.debug_funcnames
 *(.debug_funcnames)

.debug_typenames
 *(.debug_typenames)

.debug_varnames
 *(.debug_varnames)

.debug_alt_sim_info
                0x0000000000000000       0x10
 *(.debug_alt_sim_info)
 .debug_alt_sim_info
                0x0000000000000000       0x10 ../HW_FIR_6_bsp//obj/HAL/src/crt0.o
                0x0000000000020000                __alt_data_end = 0x20000
                0x0000000000020000                PROVIDE (__alt_stack_pointer, __alt_data_end)
                [!provide]                        PROVIDE (__alt_stack_limit, __alt_stack_base)
                [!provide]                        PROVIDE (__alt_heap_start, end)
                [!provide]                        PROVIDE (__alt_heap_limit, 0x20000)
OUTPUT(HW_FIR_6.elf elf32-littlenios2)

.debug_ranges   0x0000000000000000      0x388
 .debug_ranges  0x0000000000000000       0x20 ../HW_FIR_6_bsp//obj/HAL/src/crt0.o
 .debug_ranges  0x0000000000000020       0x30 obj/default/hello_world_small.o
 .debug_ranges  0x0000000000000050       0x18 d:/intelfpga_lite/18.1/nios2eds/bin/gnu/h-x86_64-mingw32/bin/../lib/gcc/nios2-elf/5.3.0/../../../../../H-x86_64-mingw32/nios2-elf/lib/mno-hw-mul\libsmallc.a(lib_a-printf.o)
 .debug_ranges  0x0000000000000068       0x18 d:/intelfpga_lite/18.1/nios2eds/bin/gnu/h-x86_64-mingw32/bin/../lib/gcc/nios2-elf/5.3.0/../../../../../H-x86_64-mingw32/nios2-elf/lib/mno-hw-mul\libsmallc.a(lib_a-putchar.o)
 .debug_ranges  0x0000000000000080       0x18 d:/intelfpga_lite/18.1/nios2eds/bin/gnu/h-x86_64-mingw32/bin/../lib/gcc/nios2-elf/5.3.0/../../../../../H-x86_64-mingw32/nios2-elf/lib/mno-hw-mul\libsmallc.a(lib_a-puts.o)
 .debug_ranges  0x0000000000000098       0x10 d:/intelfpga_lite/18.1/nios2eds/bin/gnu/h-x86_64-mingw32/bin/../lib/gcc/nios2-elf/5.3.0/../../../../../H-x86_64-mingw32/nios2-elf/lib/mno-hw-mul\libsmallc.a(lib_a-strlen.o)
 .debug_ranges  0x00000000000000a8       0xc8 d:/intelfpga_lite/18.1/nios2eds/bin/gnu/h-x86_64-mingw32/bin/../lib/gcc/nios2-elf/5.3.0/../../../../../H-x86_64-mingw32/nios2-elf/lib/mno-hw-mul\libsmallc.a(lib_a-vfprintf.o)
 .debug_ranges  0x0000000000000170       0x28 d:/intelfpga_lite/18.1/nios2eds/bin/gnu/h-x86_64-mingw32/bin/../lib/gcc/nios2-elf/5.3.0/../../../../../H-x86_64-mingw32/nios2-elf/lib/mno-hw-mul\libsmallc.a(lib_a-fvwrite_small_dev.o)
 .debug_ranges  0x0000000000000198       0x18 d:/intelfpga_lite/18.1/nios2eds/bin/gnu/h-x86_64-mingw32/bin/../lib/gcc/nios2-elf/5.3.0/../../../../../H-x86_64-mingw32/nios2-elf/lib/mno-hw-mul\libsmallc.a(lib_a-putc.o)
 .debug_ranges  0x00000000000001b0       0x10 d:/intelfpga_lite/18.1/nios2eds/bin/gnu/h-x86_64-mingw32/bin/../lib/gcc/nios2-elf/5.3.0/../../../../../H-x86_64-mingw32/nios2-elf/lib/mno-hw-mul\libsmallc.a(lib_a-writer.o)
 .debug_ranges  0x00000000000001c0       0x60 d:/intelfpga_lite/18.1/nios2eds/bin/gnu/h-x86_64-mingw32/bin/../lib/gcc/nios2-elf/5.3.0/mno-hw-mul\libgcc.a(lib2-divmod.o)
 .debug_ranges  0x0000000000000220       0x48 ../HW_FIR_6_bsp/\libhal_bsp.a(alt_load.o)
 .debug_ranges  0x0000000000000268       0x20 ../HW_FIR_6_bsp/\libhal_bsp.a(alt_times.o)
 .debug_ranges  0x0000000000000288       0x20 ../HW_FIR_6_bsp/\libhal_bsp.a(alt_write.o)
 .debug_ranges  0x00000000000002a8       0x18 ../HW_FIR_6_bsp/\libhal_bsp.a(alt_sys_init.o)
 .debug_ranges  0x00000000000002c0       0x18 ../HW_FIR_6_bsp/\libhal_bsp.a(altera_avalon_timer_sc.o)
 .debug_ranges  0x00000000000002d8       0x20 ../HW_FIR_6_bsp/\libhal_bsp.a(alt_dev_llist_insert.o)
 .debug_ranges  0x00000000000002f8       0x28 ../HW_FIR_6_bsp/\libhal_bsp.a(alt_irq_entry.o)
 .debug_ranges  0x0000000000000320       0x10 ../HW_FIR_6_bsp/\libhal_bsp.a(alt_irq_handler.o)
 .debug_ranges  0x0000000000000330       0x30 ../HW_FIR_6_bsp/\libhal_bsp.a(alt_exception_entry.o)
 .debug_ranges  0x0000000000000360       0x18 ../HW_FIR_6_bsp/\libhal_bsp.a(alt_instruction_exception_entry.o)
 .debug_ranges  0x0000000000000378       0x10 d:/intelfpga_lite/18.1/nios2eds/bin/gnu/h-x86_64-mingw32/bin/../lib/gcc/nios2-elf/5.3.0/../../../../../H-x86_64-mingw32/nios2-elf/lib/mno-hw-mul\libsmallc.a(lib_a-memcmp.o)
