Archive member included to satisfy reference by file (symbol)

../HW_FIR_3_bsp//libhal_bsp.a(alt_load.o)
                              ../HW_FIR_3_bsp//obj/HAL/src/crt0.o (alt_load)
../HW_FIR_3_bsp//libhal_bsp.a(alt_main.o)
                              ../HW_FIR_3_bsp//obj/HAL/src/crt0.o (alt_main)
../HW_FIR_3_bsp//libhal_bsp.a(alt_putstr.o)
                              obj/default/hello_world_small.o (alt_putstr)
../HW_FIR_3_bsp//libhal_bsp.a(alt_sys_init.o)
                              ../HW_FIR_3_bsp//libhal_bsp.a(alt_main.o) (alt_irq_init)
../HW_FIR_3_bsp//libhal_bsp.a(altera_avalon_jtag_uart_write.o)
                              ../HW_FIR_3_bsp//libhal_bsp.a(alt_putstr.o) (altera_avalon_jtag_uart_write)
../HW_FIR_3_bsp//libhal_bsp.a(altera_avalon_timer_sc.o)
                              ../HW_FIR_3_bsp//libhal_bsp.a(alt_sys_init.o) (alt_avalon_timer_sc_init)
../HW_FIR_3_bsp//libhal_bsp.a(alt_dcache_flush_all.o)
                              ../HW_FIR_3_bsp//libhal_bsp.a(alt_load.o) (alt_dcache_flush_all)
../HW_FIR_3_bsp//libhal_bsp.a(alt_dev.o)
                              ../HW_FIR_3_bsp//libhal_bsp.a(alt_sys_init.o) (alt_dev_list)
../HW_FIR_3_bsp//libhal_bsp.a(alt_dev_llist_insert.o)
                              ../HW_FIR_3_bsp//libhal_bsp.a(alt_sys_init.o) (alt_dev_llist_insert)
../HW_FIR_3_bsp//libhal_bsp.a(alt_errno.o)
                              ../HW_FIR_3_bsp//libhal_bsp.a(alt_dev_llist_insert.o) (alt_errno)
../HW_FIR_3_bsp//libhal_bsp.a(alt_icache_flush_all.o)
                              ../HW_FIR_3_bsp//libhal_bsp.a(alt_load.o) (alt_icache_flush_all)
../HW_FIR_3_bsp//libhal_bsp.a(alt_irq_register.o)
                              ../HW_FIR_3_bsp//libhal_bsp.a(altera_avalon_timer_sc.o) (alt_irq_register)
../HW_FIR_3_bsp//libhal_bsp.a(alt_irq_vars.o)
                              ../HW_FIR_3_bsp//libhal_bsp.a(alt_irq_register.o) (alt_irq_active)
../HW_FIR_3_bsp//libhal_bsp.a(alt_tick.o)
                              ../HW_FIR_3_bsp//libhal_bsp.a(altera_avalon_timer_sc.o) (alt_tick)
../HW_FIR_3_bsp//libhal_bsp.a(altera_nios2_gen2_irq.o)
                              ../HW_FIR_3_bsp//libhal_bsp.a(alt_sys_init.o) (altera_nios2_gen2_irq_init)
../HW_FIR_3_bsp//libhal_bsp.a(alt_irq_entry.o)
                              ../HW_FIR_3_bsp//libhal_bsp.a(alt_irq_register.o) (alt_irq_entry)
../HW_FIR_3_bsp//libhal_bsp.a(alt_irq_handler.o)
                              ../HW_FIR_3_bsp//libhal_bsp.a(alt_irq_register.o) (alt_irq_handler)
../HW_FIR_3_bsp//libhal_bsp.a(alt_exception_entry.o)
                              ../HW_FIR_3_bsp//libhal_bsp.a(alt_irq_entry.o) (alt_exception)
../HW_FIR_3_bsp//libhal_bsp.a(alt_instruction_exception_entry.o)
                              ../HW_FIR_3_bsp//libhal_bsp.a(alt_exception_entry.o) (alt_instruction_exception_entry)
/home/rahul/intelFPGA_lite/18.1/nios2eds/bin/gnu/H-x86_64-pc-linux-gnu/bin/../lib/gcc/nios2-elf/5.3.0/../../../../../H-x86_64-pc-linux-gnu/nios2-elf/lib/mno-hw-mul/libsmallc.a(lib_a-int_errno.o)
                              ../HW_FIR_3_bsp//libhal_bsp.a(alt_dev_llist_insert.o) (errno)
/home/rahul/intelFPGA_lite/18.1/nios2eds/bin/gnu/H-x86_64-pc-linux-gnu/bin/../lib/gcc/nios2-elf/5.3.0/../../../../../H-x86_64-pc-linux-gnu/nios2-elf/lib/mno-hw-mul/libsmallc.a(lib_a-strlen.o)
                              ../HW_FIR_3_bsp//libhal_bsp.a(alt_putstr.o) (strlen)

Allocating common symbols
Common symbol       size              file

alt_irq             0x100             ../HW_FIR_3_bsp//libhal_bsp.a(alt_irq_handler.o)
errno               0x4               /home/rahul/intelFPGA_lite/18.1/nios2eds/bin/gnu/H-x86_64-pc-linux-gnu/bin/../lib/gcc/nios2-elf/5.3.0/../../../../../H-x86_64-pc-linux-gnu/nios2-elf/lib/mno-hw-mul/libsmallc.a(lib_a-int_errno.o)

Memory Configuration

Name             Origin             Length             Attributes
reset            0x0000000000010000 0x0000000000000020
onchip_memory    0x0000000000010020 0x000000000000ffe0
*default*        0x0000000000000000 0xffffffffffffffff

Linker script and memory map

LOAD ../HW_FIR_3_bsp//obj/HAL/src/crt0.o
LOAD obj/default/hello_world_small.o
LOAD /home/rahul/intelFPGA_lite/18.1/nios2eds/bin/gnu/H-x86_64-pc-linux-gnu/bin/../lib/gcc/nios2-elf/5.3.0/../../../../../H-x86_64-pc-linux-gnu/nios2-elf/lib/mno-hw-mul/libstdc++.a
LOAD /home/rahul/intelFPGA_lite/18.1/nios2eds/bin/gnu/H-x86_64-pc-linux-gnu/bin/../lib/gcc/nios2-elf/5.3.0/../../../../../H-x86_64-pc-linux-gnu/nios2-elf/lib/mno-hw-mul/libm.a
LOAD /home/rahul/intelFPGA_lite/18.1/nios2eds/bin/gnu/H-x86_64-pc-linux-gnu/bin/../lib/gcc/nios2-elf/5.3.0/mno-hw-mul/libgcc.a
START GROUP
LOAD /home/rahul/intelFPGA_lite/18.1/nios2eds/bin/gnu/H-x86_64-pc-linux-gnu/bin/../lib/gcc/nios2-elf/5.3.0/../../../../../H-x86_64-pc-linux-gnu/nios2-elf/lib/mno-hw-mul/libsmallc.a
LOAD /home/rahul/intelFPGA_lite/18.1/nios2eds/bin/gnu/H-x86_64-pc-linux-gnu/bin/../lib/gcc/nios2-elf/5.3.0/mno-hw-mul/libgcc.a
LOAD ../HW_FIR_3_bsp//libhal_bsp.a
LOAD /home/rahul/intelFPGA_lite/18.1/nios2eds/bin/gnu/H-x86_64-pc-linux-gnu/bin/../lib/gcc/nios2-elf/5.3.0/../../../../../H-x86_64-pc-linux-gnu/nios2-elf/lib/mno-hw-mul/libm.a
END GROUP
LOAD /home/rahul/intelFPGA_lite/18.1/nios2eds/bin/gnu/H-x86_64-pc-linux-gnu/bin/../lib/gcc/nios2-elf/5.3.0/mno-hw-mul/libgcc.a
                0x0000000000010000                __alt_mem_onchip_memory = 0x10000

.entry          0x0000000000010000       0x20
 *(.entry)
 .entry         0x0000000000010000       0x20 ../HW_FIR_3_bsp//obj/HAL/src/crt0.o
                0x0000000000010000                __reset
                0x000000000001000c                _exit

.exceptions     0x0000000000010020      0x160
                0x0000000000010020                PROVIDE (__ram_exceptions_start, ABSOLUTE (.))
                0x0000000000010020                . = ALIGN (0x20)
 *(.irq)
 *(.exceptions.entry.label)
 .exceptions.entry.label
                0x0000000000010020        0x0 ../HW_FIR_3_bsp//libhal_bsp.a(alt_irq_entry.o)
                0x0000000000010020                alt_irq_entry
 .exceptions.entry.label
                0x0000000000010020        0x0 ../HW_FIR_3_bsp//libhal_bsp.a(alt_exception_entry.o)
                0x0000000000010020                alt_exception
 *(.exceptions.entry.user)
 *(.exceptions.entry.ecc_fatal)
 *(.exceptions.entry)
 .exceptions.entry
                0x0000000000010020       0x54 ../HW_FIR_3_bsp//libhal_bsp.a(alt_exception_entry.o)
 *(.exceptions.irqtest.user)
 *(.exceptions.irqtest)
 .exceptions.irqtest
                0x0000000000010074       0x10 ../HW_FIR_3_bsp//libhal_bsp.a(alt_irq_entry.o)
 *(.exceptions.irqhandler.user)
 *(.exceptions.irqhandler)
 .exceptions.irqhandler
                0x0000000000010084        0x4 ../HW_FIR_3_bsp//libhal_bsp.a(alt_irq_entry.o)
 *(.exceptions.irqreturn.user)
 *(.exceptions.irqreturn)
 .exceptions.irqreturn
                0x0000000000010088        0x4 ../HW_FIR_3_bsp//libhal_bsp.a(alt_irq_entry.o)
 *(.exceptions.notirq.label)
 .exceptions.notirq.label
                0x000000000001008c        0x0 ../HW_FIR_3_bsp//libhal_bsp.a(alt_irq_entry.o)
 *(.exceptions.notirq.user)
 *(.exceptions.notirq)
 .exceptions.notirq
                0x000000000001008c        0x8 ../HW_FIR_3_bsp//libhal_bsp.a(alt_exception_entry.o)
 *(.exceptions.soft.user)
 *(.exceptions.soft)
 *(.exceptions.unknown.user)
 *(.exceptions.unknown)
 .exceptions.unknown
                0x0000000000010094       0x14 ../HW_FIR_3_bsp//libhal_bsp.a(alt_exception_entry.o)
 *(.exceptions.exit.label)
 .exceptions.exit.label
                0x00000000000100a8        0x0 ../HW_FIR_3_bsp//libhal_bsp.a(alt_irq_entry.o)
 .exceptions.exit.label
                0x00000000000100a8        0x0 ../HW_FIR_3_bsp//libhal_bsp.a(alt_exception_entry.o)
 *(.exceptions.exit.user)
 *(.exceptions.exit)
 .exceptions.exit
                0x00000000000100a8       0x54 ../HW_FIR_3_bsp//libhal_bsp.a(alt_exception_entry.o)
 *(.exceptions)
 .exceptions    0x00000000000100fc       0x60 ../HW_FIR_3_bsp//libhal_bsp.a(alt_irq_handler.o)
                0x00000000000100fc                alt_irq_handler
 .exceptions    0x000000000001015c       0x24 ../HW_FIR_3_bsp//libhal_bsp.a(alt_instruction_exception_entry.o)
                0x000000000001015c                alt_instruction_exception_entry
                0x0000000000010180                PROVIDE (__ram_exceptions_end, ABSOLUTE (.))
                0x0000000000010020                PROVIDE (__flash_exceptions_start, LOADADDR (.exceptions))

.text           0x0000000000010180      0x520
                [!provide]                        PROVIDE (stext, ABSOLUTE (.))
 *(.interp)
 *(.hash)
 *(.dynsym)
 *(.dynstr)
 *(.gnu.version)
 *(.gnu.version_d)
 *(.gnu.version_r)
 *(.rel.init)
 *(.rela.init)
 *(.rel.text .rel.text.* .rel.gnu.linkonce.t.*)
 *(.rela.text .rela.text.* .rela.gnu.linkonce.t.*)
 *(.rel.fini)
 *(.rela.fini)
 *(.rel.rodata .rel.rodata.* .rel.gnu.linkonce.r.*)
 *(.rela.rodata .rela.rodata.* .rela.gnu.linkonce.r.*)
 *(.rel.data .rel.data.* .rel.gnu.linkonce.d.*)
 *(.rela.data .rela.data.* .rela.gnu.linkonce.d.*)
 *(.rel.tdata .rel.tdata.* .rel.gnu.linkonce.td.*)
 *(.rela.tdata .rela.tdata.* .rela.gnu.linkonce.td.*)
 *(.rel.tbss .rel.tbss.* .rel.gnu.linkonce.tb.*)
 *(.rela.tbss .rela.tbss.* .rela.gnu.linkonce.tb.*)
 *(.rel.ctors)
 *(.rela.ctors)
 *(.rel.dtors)
 *(.rela.dtors)
 *(.rel.got)
 *(.rela.got)
 *(.rel.sdata .rel.sdata.* .rel.gnu.linkonce.s.*)
 *(.rela.sdata .rela.sdata.* .rela.gnu.linkonce.s.*)
 *(.rel.sbss .rel.sbss.* .rel.gnu.linkonce.sb.*)
 *(.rela.sbss .rela.sbss.* .rela.gnu.linkonce.sb.*)
 *(.rel.sdata2 .rel.sdata2.* .rel.gnu.linkonce.s2.*)
 *(.rela.sdata2 .rela.sdata2.* .rela.gnu.linkonce.s2.*)
 *(.rel.sbss2 .rel.sbss2.* .rel.gnu.linkonce.sb2.*)
 *(.rela.sbss2 .rela.sbss2.* .rela.gnu.linkonce.sb2.*)
 *(.rel.bss .rel.bss.* .rel.gnu.linkonce.b.*)
 *(.rela.bss .rela.bss.* .rela.gnu.linkonce.b.*)
 *(.rel.plt)
 *(.rela.plt)
 *(.rel.dyn)
 *(.init)
 *(.plt)
 *(.text .stub .text.* .gnu.linkonce.t.*)
 .text          0x0000000000010180       0x3c ../HW_FIR_3_bsp//obj/HAL/src/crt0.o
                0x0000000000010180                _start
 .text          0x00000000000101bc        0x0 obj/default/hello_world_small.o
 .text.startup  0x00000000000101bc       0x18 obj/default/hello_world_small.o
                0x00000000000101bc                main
 .text          0x00000000000101d4       0xe0 ../HW_FIR_3_bsp//libhal_bsp.a(alt_load.o)
                0x00000000000101d4                alt_load
 .text          0x00000000000102b4       0x2c ../HW_FIR_3_bsp//libhal_bsp.a(alt_main.o)
                0x00000000000102b4                alt_main
 .text          0x00000000000102e0       0x38 ../HW_FIR_3_bsp//libhal_bsp.a(alt_putstr.o)
                0x00000000000102e0                alt_putstr
 .text          0x0000000000010318       0x5c ../HW_FIR_3_bsp//libhal_bsp.a(alt_sys_init.o)
                0x0000000000010318                alt_irq_init
                0x0000000000010338                alt_sys_init
 .text          0x0000000000010374       0x34 ../HW_FIR_3_bsp//libhal_bsp.a(altera_avalon_jtag_uart_write.o)
                0x0000000000010374                altera_avalon_jtag_uart_write
 .text          0x00000000000103a8       0x64 ../HW_FIR_3_bsp//libhal_bsp.a(altera_avalon_timer_sc.o)
                0x00000000000103e4                alt_avalon_timer_sc_init
 .text          0x000000000001040c        0x4 ../HW_FIR_3_bsp//libhal_bsp.a(alt_dcache_flush_all.o)
                0x000000000001040c                alt_dcache_flush_all
 .text          0x0000000000010410        0x8 ../HW_FIR_3_bsp//libhal_bsp.a(alt_dev.o)
 .text          0x0000000000010418       0x6c ../HW_FIR_3_bsp//libhal_bsp.a(alt_dev_llist_insert.o)
                0x0000000000010418                alt_dev_llist_insert
 .text          0x0000000000010484        0x0 ../HW_FIR_3_bsp//libhal_bsp.a(alt_errno.o)
 .text          0x0000000000010484        0x4 ../HW_FIR_3_bsp//libhal_bsp.a(alt_icache_flush_all.o)
                0x0000000000010484                alt_icache_flush_all
 .text          0x0000000000010488       0x94 ../HW_FIR_3_bsp//libhal_bsp.a(alt_irq_register.o)
                0x0000000000010488                alt_irq_register
 .text          0x000000000001051c        0x0 ../HW_FIR_3_bsp//libhal_bsp.a(alt_irq_vars.o)
 .text          0x000000000001051c       0xec ../HW_FIR_3_bsp//libhal_bsp.a(alt_tick.o)
                0x000000000001051c                alt_alarm_stop
                0x0000000000010550                alt_tick
 .text          0x0000000000010608        0x8 ../HW_FIR_3_bsp//libhal_bsp.a(altera_nios2_gen2_irq.o)
                0x0000000000010608                altera_nios2_gen2_irq_init
 .text          0x0000000000010610        0x0 ../HW_FIR_3_bsp//libhal_bsp.a(alt_irq_entry.o)
 .text          0x0000000000010610        0x0 ../HW_FIR_3_bsp//libhal_bsp.a(alt_irq_handler.o)
 .text          0x0000000000010610        0x0 ../HW_FIR_3_bsp//libhal_bsp.a(alt_exception_entry.o)
 .text          0x0000000000010610       0x74 ../HW_FIR_3_bsp//libhal_bsp.a(alt_instruction_exception_entry.o)
                0x0000000000010610                alt_exception_cause_generated_bad_addr
 .text          0x0000000000010684        0x0 /home/rahul/intelFPGA_lite/18.1/nios2eds/bin/gnu/H-x86_64-pc-linux-gnu/bin/../lib/gcc/nios2-elf/5.3.0/../../../../../H-x86_64-pc-linux-gnu/nios2-elf/lib/mno-hw-mul/libsmallc.a(lib_a-int_errno.o)
 .text          0x0000000000010684        0x0 /home/rahul/intelFPGA_lite/18.1/nios2eds/bin/gnu/H-x86_64-pc-linux-gnu/bin/../lib/gcc/nios2-elf/5.3.0/../../../../../H-x86_64-pc-linux-gnu/nios2-elf/lib/mno-hw-mul/libsmallc.a(lib_a-strlen.o)
 .text.strlen   0x0000000000010684       0x1c /home/rahul/intelFPGA_lite/18.1/nios2eds/bin/gnu/H-x86_64-pc-linux-gnu/bin/../lib/gcc/nios2-elf/5.3.0/../../../../../H-x86_64-pc-linux-gnu/nios2-elf/lib/mno-hw-mul/libsmallc.a(lib_a-strlen.o)
                0x0000000000010684                strlen
 *(.gnu.warning.*)
 *(.fini)
                [!provide]                        PROVIDE (__etext, ABSOLUTE (.))
                [!provide]                        PROVIDE (_etext, ABSOLUTE (.))
                [!provide]                        PROVIDE (etext, ABSOLUTE (.))
 *(.eh_frame_hdr)
                0x00000000000106a0                . = ALIGN (0x4)
                [!provide]                        PROVIDE (__preinit_array_start, ABSOLUTE (.))
 *(.preinit_array)
                [!provide]                        PROVIDE (__preinit_array_end, ABSOLUTE (.))
                [!provide]                        PROVIDE (__init_array_start, ABSOLUTE (.))
 *(.init_array)
                [!provide]                        PROVIDE (__init_array_end, ABSOLUTE (.))
                [!provide]                        PROVIDE (__fini_array_start, ABSOLUTE (.))
 *(.fini_array)
                [!provide]                        PROVIDE (__fini_array_end, ABSOLUTE (.))
 *(.eh_frame)
 *(.gcc_except_table .gcc_except_table.*)
 *(.dynamic)
                [!provide]                        PROVIDE (__CTOR_LIST__, ABSOLUTE (.))
 *(.ctors)
 *(SORT(.ctors.*))
                [!provide]                        PROVIDE (__CTOR_END__, ABSOLUTE (.))
                [!provide]                        PROVIDE (__DTOR_LIST__, ABSOLUTE (.))
 *(.dtors)
 *(SORT(.dtors.*))
                [!provide]                        PROVIDE (__DTOR_END__, ABSOLUTE (.))
 *(.jcr)
                0x00000000000106a0                . = ALIGN (0x4)

.rodata         0x00000000000106a0       0x3c
                0x00000000000106a0                PROVIDE (__ram_rodata_start, ABSOLUTE (.))
                0x00000000000106a0                . = ALIGN (0x4)
 *(.rodata .rodata.* .gnu.linkonce.r.*)
 .rodata.str1.4
                0x00000000000106a0       0x15 obj/default/hello_world_small.o
 *fill*         0x00000000000106b5        0x3 
 .rodata.str1.4
                0x00000000000106b8       0x17 ../HW_FIR_3_bsp//libhal_bsp.a(alt_sys_init.o)
 *fill*         0x00000000000106cf        0x1 
 .rodata.str1.4
                0x00000000000106d0        0xc ../HW_FIR_3_bsp//libhal_bsp.a(alt_dev.o)
                                          0xa (size before relaxing)
 *(.rodata1)
                0x00000000000106dc                . = ALIGN (0x4)
                0x00000000000106dc                PROVIDE (__ram_rodata_end, ABSOLUTE (.))
                0x00000000000106a0                PROVIDE (__flash_rodata_start, LOADADDR (.rodata))

.rwdata         0x00000000000106dc       0xac load address 0x0000000000010788
                0x00000000000106dc                PROVIDE (__ram_rwdata_start, ABSOLUTE (.))
                0x00000000000106dc                . = ALIGN (0x4)
 *(.got.plt)
 *(.got)
 *(.data1)
 *(.data .data.* .gnu.linkonce.d.*)
 .data          0x00000000000106dc        0x0 ../HW_FIR_3_bsp//obj/HAL/src/crt0.o
 .data          0x00000000000106dc        0x0 obj/default/hello_world_small.o
 .data          0x00000000000106dc        0x0 ../HW_FIR_3_bsp//libhal_bsp.a(alt_load.o)
 .data          0x00000000000106dc        0x0 ../HW_FIR_3_bsp//libhal_bsp.a(alt_main.o)
 .data          0x00000000000106dc        0x0 ../HW_FIR_3_bsp//libhal_bsp.a(alt_putstr.o)
 .data          0x00000000000106dc       0x2c ../HW_FIR_3_bsp//libhal_bsp.a(alt_sys_init.o)
 .data          0x0000000000010708        0x0 ../HW_FIR_3_bsp//libhal_bsp.a(altera_avalon_jtag_uart_write.o)
 .data          0x0000000000010708        0x0 ../HW_FIR_3_bsp//libhal_bsp.a(altera_avalon_timer_sc.o)
 .data          0x0000000000010708        0x0 ../HW_FIR_3_bsp//libhal_bsp.a(alt_dcache_flush_all.o)
 .data          0x0000000000010708       0x58 ../HW_FIR_3_bsp//libhal_bsp.a(alt_dev.o)
                0x0000000000010708                alt_fd_list
                0x0000000000010738                alt_dev_null
 .data          0x0000000000010760        0x0 ../HW_FIR_3_bsp//libhal_bsp.a(alt_dev_llist_insert.o)
 .data          0x0000000000010760        0x0 ../HW_FIR_3_bsp//libhal_bsp.a(alt_errno.o)
 .data          0x0000000000010760        0x0 ../HW_FIR_3_bsp//libhal_bsp.a(alt_icache_flush_all.o)
 .data          0x0000000000010760        0x0 ../HW_FIR_3_bsp//libhal_bsp.a(alt_irq_register.o)
 .data          0x0000000000010760        0x0 ../HW_FIR_3_bsp//libhal_bsp.a(alt_irq_vars.o)
 .data          0x0000000000010760        0x0 ../HW_FIR_3_bsp//libhal_bsp.a(alt_tick.o)
 .data          0x0000000000010760        0x0 ../HW_FIR_3_bsp//libhal_bsp.a(altera_nios2_gen2_irq.o)
 .data          0x0000000000010760        0x0 ../HW_FIR_3_bsp//libhal_bsp.a(alt_irq_entry.o)
 .data          0x0000000000010760        0x0 ../HW_FIR_3_bsp//libhal_bsp.a(alt_irq_handler.o)
 .data          0x0000000000010760        0x0 ../HW_FIR_3_bsp//libhal_bsp.a(alt_exception_entry.o)
 .data          0x0000000000010760        0x0 ../HW_FIR_3_bsp//libhal_bsp.a(alt_instruction_exception_entry.o)
 .data          0x0000000000010760        0x0 /home/rahul/intelFPGA_lite/18.1/nios2eds/bin/gnu/H-x86_64-pc-linux-gnu/bin/../lib/gcc/nios2-elf/5.3.0/../../../../../H-x86_64-pc-linux-gnu/nios2-elf/lib/mno-hw-mul/libsmallc.a(lib_a-int_errno.o)
 .data          0x0000000000010760        0x0 /home/rahul/intelFPGA_lite/18.1/nios2eds/bin/gnu/H-x86_64-pc-linux-gnu/bin/../lib/gcc/nios2-elf/5.3.0/../../../../../H-x86_64-pc-linux-gnu/nios2-elf/lib/mno-hw-mul/libsmallc.a(lib_a-strlen.o)
                0x0000000000018760                _gp = ABSOLUTE ((. + 0x8000))
                [!provide]                        PROVIDE (gp, _gp)
 *(.rwdata .rwdata.*)
 *(.sdata .sdata.* .gnu.linkonce.s.*)
 .sdata         0x0000000000010760        0x4 ../HW_FIR_3_bsp//libhal_bsp.a(alt_sys_init.o)
                0x0000000000010760                jtag_uart
 .sdata         0x0000000000010764       0x14 ../HW_FIR_3_bsp//libhal_bsp.a(alt_dev.o)
                0x0000000000010764                alt_max_fd
                0x0000000000010768                alt_dev_list
                0x0000000000010770                alt_fs_list
 .sdata         0x0000000000010778        0x4 ../HW_FIR_3_bsp//libhal_bsp.a(alt_errno.o)
                0x0000000000010778                alt_errno
 .sdata         0x000000000001077c        0x4 ../HW_FIR_3_bsp//libhal_bsp.a(alt_irq_vars.o)
                0x000000000001077c                alt_priority_mask
 .sdata         0x0000000000010780        0x8 ../HW_FIR_3_bsp//libhal_bsp.a(alt_tick.o)
                0x0000000000010780                alt_alarm_list
 *(.sdata2 .sdata2.* .gnu.linkonce.s2.*)
                0x0000000000010788                . = ALIGN (0x4)
                0x0000000000010788                _edata = ABSOLUTE (.)
                [!provide]                        PROVIDE (edata, ABSOLUTE (.))
                0x0000000000010788                PROVIDE (__ram_rwdata_end, ABSOLUTE (.))
                0x0000000000010788                PROVIDE (__flash_rwdata_start, LOADADDR (.rwdata))

.bss            0x0000000000010834      0x120
                0x0000000000010834                __bss_start = ABSOLUTE (.)
                [!provide]                        PROVIDE (__sbss_start, ABSOLUTE (.))
                [!provide]                        PROVIDE (___sbss_start, ABSOLUTE (.))
 *(.dynsbss)
 *(.sbss .sbss.* .gnu.linkonce.sb.*)
 .sbss          0x0000000000010834        0xc ../HW_FIR_3_bsp//libhal_bsp.a(alt_main.o)
                0x0000000000010834                alt_envp
                0x0000000000010838                alt_argv
                0x000000000001083c                alt_argc
 .sbss          0x0000000000010840        0x4 ../HW_FIR_3_bsp//libhal_bsp.a(alt_irq_vars.o)
                0x0000000000010840                alt_irq_active
 .sbss          0x0000000000010844        0x8 ../HW_FIR_3_bsp//libhal_bsp.a(alt_tick.o)
                0x0000000000010844                _alt_nticks
                0x0000000000010848                _alt_tick_rate
 .sbss          0x000000000001084c        0x4 ../HW_FIR_3_bsp//libhal_bsp.a(alt_instruction_exception_entry.o)
                0x000000000001084c                alt_instruction_exception_handler
 .sbss          0x0000000000010850        0x4 /home/rahul/intelFPGA_lite/18.1/nios2eds/bin/gnu/H-x86_64-pc-linux-gnu/bin/../lib/gcc/nios2-elf/5.3.0/../../../../../H-x86_64-pc-linux-gnu/nios2-elf/lib/mno-hw-mul/libsmallc.a(lib_a-int_errno.o)
                0x0000000000010850                errno
 *(.sbss2 .sbss2.* .gnu.linkonce.sb2.*)
 *(.scommon)
                [!provide]                        PROVIDE (__sbss_end, ABSOLUTE (.))
                [!provide]                        PROVIDE (___sbss_end, ABSOLUTE (.))
 *(.dynbss)
 *(.bss .bss.* .gnu.linkonce.b.*)
 .bss           0x0000000000010854        0x0 ../HW_FIR_3_bsp//obj/HAL/src/crt0.o
 .bss           0x0000000000010854        0x0 obj/default/hello_world_small.o
 .bss           0x0000000000010854        0x0 ../HW_FIR_3_bsp//libhal_bsp.a(alt_load.o)
 .bss           0x0000000000010854        0x0 ../HW_FIR_3_bsp//libhal_bsp.a(alt_main.o)
 .bss           0x0000000000010854        0x0 ../HW_FIR_3_bsp//libhal_bsp.a(alt_putstr.o)
 .bss           0x0000000000010854        0x0 ../HW_FIR_3_bsp//libhal_bsp.a(alt_sys_init.o)
 .bss           0x0000000000010854        0x0 ../HW_FIR_3_bsp//libhal_bsp.a(altera_avalon_jtag_uart_write.o)
 .bss           0x0000000000010854        0x0 ../HW_FIR_3_bsp//libhal_bsp.a(altera_avalon_timer_sc.o)
 .bss           0x0000000000010854        0x0 ../HW_FIR_3_bsp//libhal_bsp.a(alt_dcache_flush_all.o)
 .bss           0x0000000000010854        0x0 ../HW_FIR_3_bsp//libhal_bsp.a(alt_dev.o)
 .bss           0x0000000000010854        0x0 ../HW_FIR_3_bsp//libhal_bsp.a(alt_dev_llist_insert.o)
 .bss           0x0000000000010854        0x0 ../HW_FIR_3_bsp//libhal_bsp.a(alt_errno.o)
 .bss           0x0000000000010854        0x0 ../HW_FIR_3_bsp//libhal_bsp.a(alt_icache_flush_all.o)
 .bss           0x0000000000010854        0x0 ../HW_FIR_3_bsp//libhal_bsp.a(alt_irq_register.o)
 .bss           0x0000000000010854        0x0 ../HW_FIR_3_bsp//libhal_bsp.a(alt_irq_vars.o)
 .bss           0x0000000000010854        0x0 ../HW_FIR_3_bsp//libhal_bsp.a(alt_tick.o)
 .bss           0x0000000000010854        0x0 ../HW_FIR_3_bsp//libhal_bsp.a(altera_nios2_gen2_irq.o)
 .bss           0x0000000000010854        0x0 ../HW_FIR_3_bsp//libhal_bsp.a(alt_irq_entry.o)
 .bss           0x0000000000010854        0x0 ../HW_FIR_3_bsp//libhal_bsp.a(alt_irq_handler.o)
 .bss           0x0000000000010854        0x0 ../HW_FIR_3_bsp//libhal_bsp.a(alt_exception_entry.o)
 .bss           0x0000000000010854        0x0 ../HW_FIR_3_bsp//libhal_bsp.a(alt_instruction_exception_entry.o)
 .bss           0x0000000000010854        0x0 /home/rahul/intelFPGA_lite/18.1/nios2eds/bin/gnu/H-x86_64-pc-linux-gnu/bin/../lib/gcc/nios2-elf/5.3.0/../../../../../H-x86_64-pc-linux-gnu/nios2-elf/lib/mno-hw-mul/libsmallc.a(lib_a-int_errno.o)
 .bss           0x0000000000010854        0x0 /home/rahul/intelFPGA_lite/18.1/nios2eds/bin/gnu/H-x86_64-pc-linux-gnu/bin/../lib/gcc/nios2-elf/5.3.0/../../../../../H-x86_64-pc-linux-gnu/nios2-elf/lib/mno-hw-mul/libsmallc.a(lib_a-strlen.o)
 *(COMMON)
 COMMON         0x0000000000010854      0x100 ../HW_FIR_3_bsp//libhal_bsp.a(alt_irq_handler.o)
                0x0000000000010854                alt_irq
                0x0000000000010954                . = ALIGN (0x4)
                0x0000000000010954                __bss_end = ABSOLUTE (.)

.onchip_memory  0x0000000000010954        0x0
                [!provide]                        PROVIDE (_alt_partition_onchip_memory_start, ABSOLUTE (.))
 *(.onchip_memory .onchip_memory. onchip_memory.*)
                0x0000000000010954                . = ALIGN (0x4)
                [!provide]                        PROVIDE (_alt_partition_onchip_memory_end, ABSOLUTE (.))
                0x0000000000010954                _end = ABSOLUTE (.)
                0x0000000000010954                end = ABSOLUTE (.)
                0x0000000000010954                __alt_stack_base = ABSOLUTE (.)
                [!provide]                        PROVIDE (_alt_partition_onchip_memory_load_addr, LOADADDR (.onchip_memory))

.stab
 *(.stab)

.stabstr
 *(.stabstr)

.stab.excl
 *(.stab.excl)

.stab.exclstr
 *(.stab.exclstr)

.stab.index
 *(.stab.index)

.stab.indexstr
 *(.stab.indexstr)

.comment        0x0000000000000000       0x23
 *(.comment)
 .comment       0x0000000000000000       0x23 obj/default/hello_world_small.o
                                         0x24 (size before relaxing)
 .comment       0x0000000000000023       0x24 ../HW_FIR_3_bsp//libhal_bsp.a(alt_load.o)
 .comment       0x0000000000000023       0x24 ../HW_FIR_3_bsp//libhal_bsp.a(alt_main.o)
 .comment       0x0000000000000023       0x24 ../HW_FIR_3_bsp//libhal_bsp.a(alt_putstr.o)
 .comment       0x0000000000000023       0x24 ../HW_FIR_3_bsp//libhal_bsp.a(alt_sys_init.o)
 .comment       0x0000000000000023       0x24 ../HW_FIR_3_bsp//libhal_bsp.a(altera_avalon_jtag_uart_write.o)
 .comment       0x0000000000000023       0x24 ../HW_FIR_3_bsp//libhal_bsp.a(altera_avalon_timer_sc.o)
 .comment       0x0000000000000023       0x24 ../HW_FIR_3_bsp//libhal_bsp.a(alt_dcache_flush_all.o)
 .comment       0x0000000000000023       0x24 ../HW_FIR_3_bsp//libhal_bsp.a(alt_dev.o)
 .comment       0x0000000000000023       0x24 ../HW_FIR_3_bsp//libhal_bsp.a(alt_dev_llist_insert.o)
 .comment       0x0000000000000023       0x24 ../HW_FIR_3_bsp//libhal_bsp.a(alt_errno.o)
 .comment       0x0000000000000023       0x24 ../HW_FIR_3_bsp//libhal_bsp.a(alt_icache_flush_all.o)
 .comment       0x0000000000000023       0x24 ../HW_FIR_3_bsp//libhal_bsp.a(alt_irq_register.o)
 .comment       0x0000000000000023       0x24 ../HW_FIR_3_bsp//libhal_bsp.a(alt_irq_vars.o)
 .comment       0x0000000000000023       0x24 ../HW_FIR_3_bsp//libhal_bsp.a(alt_tick.o)
 .comment       0x0000000000000023       0x24 ../HW_FIR_3_bsp//libhal_bsp.a(altera_nios2_gen2_irq.o)
 .comment       0x0000000000000023       0x24 ../HW_FIR_3_bsp//libhal_bsp.a(alt_irq_handler.o)
 .comment       0x0000000000000023       0x24 ../HW_FIR_3_bsp//libhal_bsp.a(alt_instruction_exception_entry.o)
 .comment       0x0000000000000023       0x24 /home/rahul/intelFPGA_lite/18.1/nios2eds/bin/gnu/H-x86_64-pc-linux-gnu/bin/../lib/gcc/nios2-elf/5.3.0/../../../../../H-x86_64-pc-linux-gnu/nios2-elf/lib/mno-hw-mul/libsmallc.a(lib_a-int_errno.o)
 .comment       0x0000000000000023       0x24 /home/rahul/intelFPGA_lite/18.1/nios2eds/bin/gnu/H-x86_64-pc-linux-gnu/bin/../lib/gcc/nios2-elf/5.3.0/../../../../../H-x86_64-pc-linux-gnu/nios2-elf/lib/mno-hw-mul/libsmallc.a(lib_a-strlen.o)

.debug
 *(.debug)

.line
 *(.line)

.debug_srcinfo
 *(.debug_srcinfo)

.debug_sfnames
 *(.debug_sfnames)

.debug_aranges  0x0000000000000000      0x300
 *(.debug_aranges)
 .debug_aranges
                0x0000000000000000       0x28 ../HW_FIR_3_bsp//obj/HAL/src/crt0.o
 .debug_aranges
                0x0000000000000028       0x20 obj/default/hello_world_small.o
 .debug_aranges
                0x0000000000000048       0x20 ../HW_FIR_3_bsp//libhal_bsp.a(alt_load.o)
 .debug_aranges
                0x0000000000000068       0x20 ../HW_FIR_3_bsp//libhal_bsp.a(alt_main.o)
 .debug_aranges
                0x0000000000000088       0x20 ../HW_FIR_3_bsp//libhal_bsp.a(alt_putstr.o)
 .debug_aranges
                0x00000000000000a8       0x20 ../HW_FIR_3_bsp//libhal_bsp.a(alt_sys_init.o)
 .debug_aranges
                0x00000000000000c8       0x20 ../HW_FIR_3_bsp//libhal_bsp.a(altera_avalon_jtag_uart_write.o)
 .debug_aranges
                0x00000000000000e8       0x20 ../HW_FIR_3_bsp//libhal_bsp.a(altera_avalon_timer_sc.o)
 .debug_aranges
                0x0000000000000108       0x20 ../HW_FIR_3_bsp//libhal_bsp.a(alt_dcache_flush_all.o)
 .debug_aranges
                0x0000000000000128       0x20 ../HW_FIR_3_bsp//libhal_bsp.a(alt_dev.o)
 .debug_aranges
                0x0000000000000148       0x20 ../HW_FIR_3_bsp//libhal_bsp.a(alt_dev_llist_insert.o)
 .debug_aranges
                0x0000000000000168       0x18 ../HW_FIR_3_bsp//libhal_bsp.a(alt_errno.o)
 .debug_aranges
                0x0000000000000180       0x20 ../HW_FIR_3_bsp//libhal_bsp.a(alt_icache_flush_all.o)
 .debug_aranges
                0x00000000000001a0       0x20 ../HW_FIR_3_bsp//libhal_bsp.a(alt_irq_register.o)
 .debug_aranges
                0x00000000000001c0       0x18 ../HW_FIR_3_bsp//libhal_bsp.a(alt_irq_vars.o)
 .debug_aranges
                0x00000000000001d8       0x20 ../HW_FIR_3_bsp//libhal_bsp.a(alt_tick.o)
 .debug_aranges
                0x00000000000001f8       0x20 ../HW_FIR_3_bsp//libhal_bsp.a(altera_nios2_gen2_irq.o)
 .debug_aranges
                0x0000000000000218       0x30 ../HW_FIR_3_bsp//libhal_bsp.a(alt_irq_entry.o)
 .debug_aranges
                0x0000000000000248       0x20 ../HW_FIR_3_bsp//libhal_bsp.a(alt_irq_handler.o)
 .debug_aranges
                0x0000000000000268       0x38 ../HW_FIR_3_bsp//libhal_bsp.a(alt_exception_entry.o)
 .debug_aranges
                0x00000000000002a0       0x28 ../HW_FIR_3_bsp//libhal_bsp.a(alt_instruction_exception_entry.o)
 .debug_aranges
                0x00000000000002c8       0x18 /home/rahul/intelFPGA_lite/18.1/nios2eds/bin/gnu/H-x86_64-pc-linux-gnu/bin/../lib/gcc/nios2-elf/5.3.0/../../../../../H-x86_64-pc-linux-gnu/nios2-elf/lib/mno-hw-mul/libsmallc.a(lib_a-int_errno.o)
 .debug_aranges
                0x00000000000002e0       0x20 /home/rahul/intelFPGA_lite/18.1/nios2eds/bin/gnu/H-x86_64-pc-linux-gnu/bin/../lib/gcc/nios2-elf/5.3.0/../../../../../H-x86_64-pc-linux-gnu/nios2-elf/lib/mno-hw-mul/libsmallc.a(lib_a-strlen.o)

.debug_pubnames
 *(.debug_pubnames)

.debug_info     0x0000000000000000     0x2328
 *(.debug_info .gnu.linkonce.wi.*)
 .debug_info    0x0000000000000000       0x69 ../HW_FIR_3_bsp//obj/HAL/src/crt0.o
 .debug_info    0x0000000000000069       0x65 obj/default/hello_world_small.o
 .debug_info    0x00000000000000ce      0x1c9 ../HW_FIR_3_bsp//libhal_bsp.a(alt_load.o)
 .debug_info    0x0000000000000297      0x18f ../HW_FIR_3_bsp//libhal_bsp.a(alt_main.o)
 .debug_info    0x0000000000000426      0x13a ../HW_FIR_3_bsp//libhal_bsp.a(alt_putstr.o)
 .debug_info    0x0000000000000560      0x48d ../HW_FIR_3_bsp//libhal_bsp.a(alt_sys_init.o)
 .debug_info    0x00000000000009ed      0x1ad ../HW_FIR_3_bsp//libhal_bsp.a(altera_avalon_jtag_uart_write.o)
 .debug_info    0x0000000000000b9a      0x28e ../HW_FIR_3_bsp//libhal_bsp.a(altera_avalon_timer_sc.o)
 .debug_info    0x0000000000000e28       0x92 ../HW_FIR_3_bsp//libhal_bsp.a(alt_dcache_flush_all.o)
 .debug_info    0x0000000000000eba      0x499 ../HW_FIR_3_bsp//libhal_bsp.a(alt_dev.o)
 .debug_info    0x0000000000001353      0x1b3 ../HW_FIR_3_bsp//libhal_bsp.a(alt_dev_llist_insert.o)
 .debug_info    0x0000000000001506       0xa6 ../HW_FIR_3_bsp//libhal_bsp.a(alt_errno.o)
 .debug_info    0x00000000000015ac       0x92 ../HW_FIR_3_bsp//libhal_bsp.a(alt_icache_flush_all.o)
 .debug_info    0x000000000000163e      0x30d ../HW_FIR_3_bsp//libhal_bsp.a(alt_irq_register.o)
 .debug_info    0x000000000000194b       0x88 ../HW_FIR_3_bsp//libhal_bsp.a(alt_irq_vars.o)
 .debug_info    0x00000000000019d3      0x2bf ../HW_FIR_3_bsp//libhal_bsp.a(alt_tick.o)
 .debug_info    0x0000000000001c92       0xb8 ../HW_FIR_3_bsp//libhal_bsp.a(altera_nios2_gen2_irq.o)
 .debug_info    0x0000000000001d4a       0x72 ../HW_FIR_3_bsp//libhal_bsp.a(alt_irq_entry.o)
 .debug_info    0x0000000000001dbc      0x1a4 ../HW_FIR_3_bsp//libhal_bsp.a(alt_irq_handler.o)
 .debug_info    0x0000000000001f60       0x78 ../HW_FIR_3_bsp//libhal_bsp.a(alt_exception_entry.o)
 .debug_info    0x0000000000001fd8      0x1fd ../HW_FIR_3_bsp//libhal_bsp.a(alt_instruction_exception_entry.o)
 .debug_info    0x00000000000021d5       0x8a /home/rahul/intelFPGA_lite/18.1/nios2eds/bin/gnu/H-x86_64-pc-linux-gnu/bin/../lib/gcc/nios2-elf/5.3.0/../../../../../H-x86_64-pc-linux-gnu/nios2-elf/lib/mno-hw-mul/libsmallc.a(lib_a-int_errno.o)
 .debug_info    0x000000000000225f       0xc9 /home/rahul/intelFPGA_lite/18.1/nios2eds/bin/gnu/H-x86_64-pc-linux-gnu/bin/../lib/gcc/nios2-elf/5.3.0/../../../../../H-x86_64-pc-linux-gnu/nios2-elf/lib/mno-hw-mul/libsmallc.a(lib_a-strlen.o)

.debug_abbrev   0x0000000000000000     0x10e1
 *(.debug_abbrev)
 .debug_abbrev  0x0000000000000000       0x12 ../HW_FIR_3_bsp//obj/HAL/src/crt0.o
 .debug_abbrev  0x0000000000000012       0x64 obj/default/hello_world_small.o
 .debug_abbrev  0x0000000000000076       0xd8 ../HW_FIR_3_bsp//libhal_bsp.a(alt_load.o)
 .debug_abbrev  0x000000000000014e       0xf5 ../HW_FIR_3_bsp//libhal_bsp.a(alt_main.o)
 .debug_abbrev  0x0000000000000243       0xd3 ../HW_FIR_3_bsp//libhal_bsp.a(alt_putstr.o)
 .debug_abbrev  0x0000000000000316      0x1b2 ../HW_FIR_3_bsp//libhal_bsp.a(alt_sys_init.o)
 .debug_abbrev  0x00000000000004c8       0xd5 ../HW_FIR_3_bsp//libhal_bsp.a(altera_avalon_jtag_uart_write.o)
 .debug_abbrev  0x000000000000059d      0x194 ../HW_FIR_3_bsp//libhal_bsp.a(altera_avalon_timer_sc.o)
 .debug_abbrev  0x0000000000000731       0x42 ../HW_FIR_3_bsp//libhal_bsp.a(alt_dcache_flush_all.o)
 .debug_abbrev  0x0000000000000773       0xd9 ../HW_FIR_3_bsp//libhal_bsp.a(alt_dev.o)
 .debug_abbrev  0x000000000000084c      0x11c ../HW_FIR_3_bsp//libhal_bsp.a(alt_dev_llist_insert.o)
 .debug_abbrev  0x0000000000000968       0x5a ../HW_FIR_3_bsp//libhal_bsp.a(alt_errno.o)
 .debug_abbrev  0x00000000000009c2       0x42 ../HW_FIR_3_bsp//libhal_bsp.a(alt_icache_flush_all.o)
 .debug_abbrev  0x0000000000000a04      0x1a5 ../HW_FIR_3_bsp//libhal_bsp.a(alt_irq_register.o)
 .debug_abbrev  0x0000000000000ba9       0x40 ../HW_FIR_3_bsp//libhal_bsp.a(alt_irq_vars.o)
 .debug_abbrev  0x0000000000000be9      0x198 ../HW_FIR_3_bsp//libhal_bsp.a(alt_tick.o)
 .debug_abbrev  0x0000000000000d81       0x67 ../HW_FIR_3_bsp//libhal_bsp.a(altera_nios2_gen2_irq.o)
 .debug_abbrev  0x0000000000000de8       0x12 ../HW_FIR_3_bsp//libhal_bsp.a(alt_irq_entry.o)
 .debug_abbrev  0x0000000000000dfa      0x138 ../HW_FIR_3_bsp//libhal_bsp.a(alt_irq_handler.o)
 .debug_abbrev  0x0000000000000f32       0x12 ../HW_FIR_3_bsp//libhal_bsp.a(alt_exception_entry.o)
 .debug_abbrev  0x0000000000000f44       0xe7 ../HW_FIR_3_bsp//libhal_bsp.a(alt_instruction_exception_entry.o)
 .debug_abbrev  0x000000000000102b       0x37 /home/rahul/intelFPGA_lite/18.1/nios2eds/bin/gnu/H-x86_64-pc-linux-gnu/bin/../lib/gcc/nios2-elf/5.3.0/../../../../../H-x86_64-pc-linux-gnu/nios2-elf/lib/mno-hw-mul/libsmallc.a(lib_a-int_errno.o)
 .debug_abbrev  0x0000000000001062       0x7f /home/rahul/intelFPGA_lite/18.1/nios2eds/bin/gnu/H-x86_64-pc-linux-gnu/bin/../lib/gcc/nios2-elf/5.3.0/../../../../../H-x86_64-pc-linux-gnu/nios2-elf/lib/mno-hw-mul/libsmallc.a(lib_a-strlen.o)

.debug_line     0x0000000000000000     0x10b3
 *(.debug_line)
 .debug_line    0x0000000000000000       0x66 ../HW_FIR_3_bsp//obj/HAL/src/crt0.o
 .debug_line    0x0000000000000066       0x75 obj/default/hello_world_small.o
 .debug_line    0x00000000000000db       0xa4 ../HW_FIR_3_bsp//libhal_bsp.a(alt_load.o)
 .debug_line    0x000000000000017f       0xea ../HW_FIR_3_bsp//libhal_bsp.a(alt_main.o)
 .debug_line    0x0000000000000269       0xae ../HW_FIR_3_bsp//libhal_bsp.a(alt_putstr.o)
 .debug_line    0x0000000000000317      0x17b ../HW_FIR_3_bsp//libhal_bsp.a(alt_sys_init.o)
 .debug_line    0x0000000000000492      0x104 ../HW_FIR_3_bsp//libhal_bsp.a(altera_avalon_jtag_uart_write.o)
 .debug_line    0x0000000000000596      0x113 ../HW_FIR_3_bsp//libhal_bsp.a(altera_avalon_timer_sc.o)
 .debug_line    0x00000000000006a9       0x4e ../HW_FIR_3_bsp//libhal_bsp.a(alt_dcache_flush_all.o)
 .debug_line    0x00000000000006f7      0x104 ../HW_FIR_3_bsp//libhal_bsp.a(alt_dev.o)
 .debug_line    0x00000000000007fb       0xd8 ../HW_FIR_3_bsp//libhal_bsp.a(alt_dev_llist_insert.o)
 .debug_line    0x00000000000008d3       0x51 ../HW_FIR_3_bsp//libhal_bsp.a(alt_errno.o)
 .debug_line    0x0000000000000924       0x4e ../HW_FIR_3_bsp//libhal_bsp.a(alt_icache_flush_all.o)
 .debug_line    0x0000000000000972       0xed ../HW_FIR_3_bsp//libhal_bsp.a(alt_irq_register.o)
 .debug_line    0x0000000000000a5f       0x50 ../HW_FIR_3_bsp//libhal_bsp.a(alt_irq_vars.o)
 .debug_line    0x0000000000000aaf      0x118 ../HW_FIR_3_bsp//libhal_bsp.a(alt_tick.o)
 .debug_line    0x0000000000000bc7       0x8c ../HW_FIR_3_bsp//libhal_bsp.a(altera_nios2_gen2_irq.o)
 .debug_line    0x0000000000000c53       0x6b ../HW_FIR_3_bsp//libhal_bsp.a(alt_irq_entry.o)
 .debug_line    0x0000000000000cbe       0xc8 ../HW_FIR_3_bsp//libhal_bsp.a(alt_irq_handler.o)
 .debug_line    0x0000000000000d86       0xb3 ../HW_FIR_3_bsp//libhal_bsp.a(alt_exception_entry.o)
 .debug_line    0x0000000000000e39       0xbf ../HW_FIR_3_bsp//libhal_bsp.a(alt_instruction_exception_entry.o)
 .debug_line    0x0000000000000ef8       0x5f /home/rahul/intelFPGA_lite/18.1/nios2eds/bin/gnu/H-x86_64-pc-linux-gnu/bin/../lib/gcc/nios2-elf/5.3.0/../../../../../H-x86_64-pc-linux-gnu/nios2-elf/lib/mno-hw-mul/libsmallc.a(lib_a-int_errno.o)
 .debug_line    0x0000000000000f57      0x15c /home/rahul/intelFPGA_lite/18.1/nios2eds/bin/gnu/H-x86_64-pc-linux-gnu/bin/../lib/gcc/nios2-elf/5.3.0/../../../../../H-x86_64-pc-linux-gnu/nios2-elf/lib/mno-hw-mul/libsmallc.a(lib_a-strlen.o)

.debug_frame    0x0000000000000000      0x2fc
 *(.debug_frame)
 .debug_frame   0x0000000000000000       0x28 obj/default/hello_world_small.o
 .debug_frame   0x0000000000000028       0x30 ../HW_FIR_3_bsp//libhal_bsp.a(alt_load.o)
 .debug_frame   0x0000000000000058       0x2c ../HW_FIR_3_bsp//libhal_bsp.a(alt_main.o)
 .debug_frame   0x0000000000000084       0x30 ../HW_FIR_3_bsp//libhal_bsp.a(alt_putstr.o)
 .debug_frame   0x00000000000000b4       0x48 ../HW_FIR_3_bsp//libhal_bsp.a(alt_sys_init.o)
 .debug_frame   0x00000000000000fc       0x20 ../HW_FIR_3_bsp//libhal_bsp.a(altera_avalon_jtag_uart_write.o)
 .debug_frame   0x000000000000011c       0x40 ../HW_FIR_3_bsp//libhal_bsp.a(altera_avalon_timer_sc.o)
 .debug_frame   0x000000000000015c       0x20 ../HW_FIR_3_bsp//libhal_bsp.a(alt_dcache_flush_all.o)
 .debug_frame   0x000000000000017c       0x20 ../HW_FIR_3_bsp//libhal_bsp.a(alt_dev.o)
 .debug_frame   0x000000000000019c       0x2c ../HW_FIR_3_bsp//libhal_bsp.a(alt_dev_llist_insert.o)
 .debug_frame   0x00000000000001c8       0x20 ../HW_FIR_3_bsp//libhal_bsp.a(alt_icache_flush_all.o)
 .debug_frame   0x00000000000001e8       0x20 ../HW_FIR_3_bsp//libhal_bsp.a(alt_irq_register.o)
 .debug_frame   0x0000000000000208       0x50 ../HW_FIR_3_bsp//libhal_bsp.a(alt_tick.o)
 .debug_frame   0x0000000000000258       0x20 ../HW_FIR_3_bsp//libhal_bsp.a(altera_nios2_gen2_irq.o)
 .debug_frame   0x0000000000000278       0x34 ../HW_FIR_3_bsp//libhal_bsp.a(alt_irq_handler.o)
 .debug_frame   0x00000000000002ac       0x30 ../HW_FIR_3_bsp//libhal_bsp.a(alt_instruction_exception_entry.o)
 .debug_frame   0x00000000000002dc       0x20 /home/rahul/intelFPGA_lite/18.1/nios2eds/bin/gnu/H-x86_64-pc-linux-gnu/bin/../lib/gcc/nios2-elf/5.3.0/../../../../../H-x86_64-pc-linux-gnu/nios2-elf/lib/mno-hw-mul/libsmallc.a(lib_a-strlen.o)

.debug_str      0x0000000000000000      0xf7f
 *(.debug_str)
 .debug_str     0x0000000000000000       0x99 obj/default/hello_world_small.o
                                         0x9e (size before relaxing)
 .debug_str     0x0000000000000099      0x1b5 ../HW_FIR_3_bsp//libhal_bsp.a(alt_load.o)
                                        0x237 (size before relaxing)
 .debug_str     0x000000000000024e       0xb0 ../HW_FIR_3_bsp//libhal_bsp.a(alt_main.o)
                                        0x1d9 (size before relaxing)
 .debug_str     0x00000000000002fe       0x64 ../HW_FIR_3_bsp//libhal_bsp.a(alt_putstr.o)
                                        0x18b (size before relaxing)
 .debug_str     0x0000000000000362      0x18e ../HW_FIR_3_bsp//libhal_bsp.a(alt_sys_init.o)
                                        0x35e (size before relaxing)
 .debug_str     0x00000000000004f0       0x32 ../HW_FIR_3_bsp//libhal_bsp.a(altera_avalon_jtag_uart_write.o)
                                        0x231 (size before relaxing)
 .debug_str     0x0000000000000522       0xb7 ../HW_FIR_3_bsp//libhal_bsp.a(altera_avalon_timer_sc.o)
                                        0x281 (size before relaxing)
 .debug_str     0x00000000000005d9       0x1f ../HW_FIR_3_bsp//libhal_bsp.a(alt_dcache_flush_all.o)
                                        0x150 (size before relaxing)
 .debug_str     0x00000000000005f8      0x12c ../HW_FIR_3_bsp//libhal_bsp.a(alt_dev.o)
                                        0x300 (size before relaxing)
 .debug_str     0x0000000000000724       0x48 ../HW_FIR_3_bsp//libhal_bsp.a(alt_dev_llist_insert.o)
                                        0x1c7 (size before relaxing)
 .debug_str     0x000000000000076c       0x14 ../HW_FIR_3_bsp//libhal_bsp.a(alt_errno.o)
                                        0x140 (size before relaxing)
 .debug_str     0x0000000000000780       0x1f ../HW_FIR_3_bsp//libhal_bsp.a(alt_icache_flush_all.o)
                                        0x150 (size before relaxing)
 .debug_str     0x000000000000079f       0x66 ../HW_FIR_3_bsp//libhal_bsp.a(alt_irq_register.o)
                                        0x203 (size before relaxing)
 .debug_str     0x0000000000000805       0x17 ../HW_FIR_3_bsp//libhal_bsp.a(alt_irq_vars.o)
                                        0x135 (size before relaxing)
 .debug_str     0x000000000000081c       0x6f ../HW_FIR_3_bsp//libhal_bsp.a(alt_tick.o)
                                        0x26e (size before relaxing)
 .debug_str     0x000000000000088b       0x20 ../HW_FIR_3_bsp//libhal_bsp.a(altera_nios2_gen2_irq.o)
                                        0x180 (size before relaxing)
 .debug_str     0x00000000000008ab       0x3a ../HW_FIR_3_bsp//libhal_bsp.a(alt_irq_handler.o)
                                        0x1b3 (size before relaxing)
 .debug_str     0x00000000000008e5      0x48b ../HW_FIR_3_bsp//libhal_bsp.a(alt_instruction_exception_entry.o)
                                        0x59b (size before relaxing)
 .debug_str     0x0000000000000d70      0x135 /home/rahul/intelFPGA_lite/18.1/nios2eds/bin/gnu/H-x86_64-pc-linux-gnu/bin/../lib/gcc/nios2-elf/5.3.0/../../../../../H-x86_64-pc-linux-gnu/nios2-elf/lib/mno-hw-mul/libsmallc.a(lib_a-int_errno.o)
                                        0x1d9 (size before relaxing)
 .debug_str     0x0000000000000ea5       0xda /home/rahul/intelFPGA_lite/18.1/nios2eds/bin/gnu/H-x86_64-pc-linux-gnu/bin/../lib/gcc/nios2-elf/5.3.0/../../../../../H-x86_64-pc-linux-gnu/nios2-elf/lib/mno-hw-mul/libsmallc.a(lib_a-strlen.o)
                                        0x1e6 (size before relaxing)

.debug_loc      0x0000000000000000      0x4c7
 *(.debug_loc)
 .debug_loc     0x0000000000000000       0x37 ../HW_FIR_3_bsp//libhal_bsp.a(alt_putstr.o)
 .debug_loc     0x0000000000000037       0x21 ../HW_FIR_3_bsp//libhal_bsp.a(alt_sys_init.o)
 .debug_loc     0x0000000000000058       0x8b ../HW_FIR_3_bsp//libhal_bsp.a(altera_avalon_jtag_uart_write.o)
 .debug_loc     0x00000000000000e3      0x102 ../HW_FIR_3_bsp//libhal_bsp.a(altera_avalon_timer_sc.o)
 .debug_loc     0x00000000000001e5       0x7e ../HW_FIR_3_bsp//libhal_bsp.a(alt_dev_llist_insert.o)
 .debug_loc     0x0000000000000263       0xfa ../HW_FIR_3_bsp//libhal_bsp.a(alt_irq_register.o)
 .debug_loc     0x000000000000035d       0x75 ../HW_FIR_3_bsp//libhal_bsp.a(alt_tick.o)
 .debug_loc     0x00000000000003d2       0x72 ../HW_FIR_3_bsp//libhal_bsp.a(alt_irq_handler.o)
 .debug_loc     0x0000000000000444       0x65 ../HW_FIR_3_bsp//libhal_bsp.a(alt_instruction_exception_entry.o)
 .debug_loc     0x00000000000004a9       0x1e /home/rahul/intelFPGA_lite/18.1/nios2eds/bin/gnu/H-x86_64-pc-linux-gnu/bin/../lib/gcc/nios2-elf/5.3.0/../../../../../H-x86_64-pc-linux-gnu/nios2-elf/lib/mno-hw-mul/libsmallc.a(lib_a-strlen.o)

.debug_macinfo
 *(.debug_macinfo)

.debug_weaknames
 *(.debug_weaknames)

.debug_funcnames
 *(.debug_funcnames)

.debug_typenames
 *(.debug_typenames)

.debug_varnames
 *(.debug_varnames)

.debug_alt_sim_info
                0x0000000000000000       0x10
 *(.debug_alt_sim_info)
 .debug_alt_sim_info
                0x0000000000000000       0x10 ../HW_FIR_3_bsp//obj/HAL/src/crt0.o
                0x0000000000020000                __alt_data_end = 0x20000
                0x0000000000020000                PROVIDE (__alt_stack_pointer, __alt_data_end)
                [!provide]                        PROVIDE (__alt_stack_limit, __alt_stack_base)
                [!provide]                        PROVIDE (__alt_heap_start, end)
                [!provide]                        PROVIDE (__alt_heap_limit, 0x20000)
OUTPUT(HW_FIR_3.elf elf32-littlenios2)

.debug_ranges   0x0000000000000000      0x158
 .debug_ranges  0x0000000000000000       0x20 ../HW_FIR_3_bsp//obj/HAL/src/crt0.o
 .debug_ranges  0x0000000000000020       0x10 obj/default/hello_world_small.o
 .debug_ranges  0x0000000000000030       0x48 ../HW_FIR_3_bsp//libhal_bsp.a(alt_load.o)
 .debug_ranges  0x0000000000000078       0x18 ../HW_FIR_3_bsp//libhal_bsp.a(alt_sys_init.o)
 .debug_ranges  0x0000000000000090       0x18 ../HW_FIR_3_bsp//libhal_bsp.a(altera_avalon_timer_sc.o)
 .debug_ranges  0x00000000000000a8       0x20 ../HW_FIR_3_bsp//libhal_bsp.a(alt_dev_llist_insert.o)
 .debug_ranges  0x00000000000000c8       0x28 ../HW_FIR_3_bsp//libhal_bsp.a(alt_irq_entry.o)
 .debug_ranges  0x00000000000000f0       0x10 ../HW_FIR_3_bsp//libhal_bsp.a(alt_irq_handler.o)
 .debug_ranges  0x0000000000000100       0x30 ../HW_FIR_3_bsp//libhal_bsp.a(alt_exception_entry.o)
 .debug_ranges  0x0000000000000130       0x18 ../HW_FIR_3_bsp//libhal_bsp.a(alt_instruction_exception_entry.o)
 .debug_ranges  0x0000000000000148       0x10 /home/rahul/intelFPGA_lite/18.1/nios2eds/bin/gnu/H-x86_64-pc-linux-gnu/bin/../lib/gcc/nios2-elf/5.3.0/../../../../../H-x86_64-pc-linux-gnu/nios2-elf/lib/mno-hw-mul/libsmallc.a(lib_a-strlen.o)
